Archive member included because of file (symbol)

d:/my works/embedded systems/embedded systems nti/avr interfacing course/eng gerges resources/sdk_win_64/sdk_win_64/winavr/bin/../lib/gcc/avr/4.3.3/avr5\libgcc.a(_udivmodsi4.o)
                              ./MCAL/MTIMER/MTIMER_Program.o (__udivmodsi4)
d:/my works/embedded systems/embedded systems nti/avr interfacing course/eng gerges resources/sdk_win_64/sdk_win_64/winavr/bin/../lib/gcc/avr/4.3.3/avr5\libgcc.a(_exit.o)
                              d:/my works/embedded systems/embedded systems nti/avr interfacing course/eng gerges resources/sdk_win_64/sdk_win_64/winavr/bin/../lib/gcc/avr/4.3.3/../../../../avr/lib/avr5/crtm32.o (exit)
d:/my works/embedded systems/embedded systems nti/avr interfacing course/eng gerges resources/sdk_win_64/sdk_win_64/winavr/bin/../lib/gcc/avr/4.3.3/avr5\libgcc.a(_copy_data.o)
                              ./HAL/HKPD/HKPD_Program.o (__do_copy_data)
d:/my works/embedded systems/embedded systems nti/avr interfacing course/eng gerges resources/sdk_win_64/sdk_win_64/winavr/bin/../lib/gcc/avr/4.3.3/avr5\libgcc.a(_clear_bss.o)
                              ./MCAL/MTIMER/MTIMER_Program.o (__do_clear_bss)
d:/my works/embedded systems/embedded systems nti/avr interfacing course/eng gerges resources/sdk_win_64/sdk_win_64/winavr/bin/../lib/gcc/avr/4.3.3/avr5\libgcc.a(_fixunssfsi.o)
                              ./HAL/HCLCD/HCLCD_Program.o (__fixunssfsi)
d:/my works/embedded systems/embedded systems nti/avr interfacing course/eng gerges resources/sdk_win_64/sdk_win_64/winavr/bin/../lib/gcc/avr/4.3.3/avr5\libgcc.a(_addsub_sf.o)
                              d:/my works/embedded systems/embedded systems nti/avr interfacing course/eng gerges resources/sdk_win_64/sdk_win_64/winavr/bin/../lib/gcc/avr/4.3.3/avr5\libgcc.a(_fixunssfsi.o) (__subsf3)
d:/my works/embedded systems/embedded systems nti/avr interfacing course/eng gerges resources/sdk_win_64/sdk_win_64/winavr/bin/../lib/gcc/avr/4.3.3/avr5\libgcc.a(_mul_sf.o)
                              ./HAL/HCLCD/HCLCD_Program.o (__mulsf3)
d:/my works/embedded systems/embedded systems nti/avr interfacing course/eng gerges resources/sdk_win_64/sdk_win_64/winavr/bin/../lib/gcc/avr/4.3.3/avr5\libgcc.a(_gt_sf.o)
                              ./HAL/HCLCD/HCLCD_Program.o (__gtsf2)
d:/my works/embedded systems/embedded systems nti/avr interfacing course/eng gerges resources/sdk_win_64/sdk_win_64/winavr/bin/../lib/gcc/avr/4.3.3/avr5\libgcc.a(_ge_sf.o)
                              d:/my works/embedded systems/embedded systems nti/avr interfacing course/eng gerges resources/sdk_win_64/sdk_win_64/winavr/bin/../lib/gcc/avr/4.3.3/avr5\libgcc.a(_fixunssfsi.o) (__gesf2)
d:/my works/embedded systems/embedded systems nti/avr interfacing course/eng gerges resources/sdk_win_64/sdk_win_64/winavr/bin/../lib/gcc/avr/4.3.3/avr5\libgcc.a(_lt_sf.o)
                              ./HAL/HCLCD/HCLCD_Program.o (__ltsf2)
d:/my works/embedded systems/embedded systems nti/avr interfacing course/eng gerges resources/sdk_win_64/sdk_win_64/winavr/bin/../lib/gcc/avr/4.3.3/avr5\libgcc.a(_sf_to_si.o)
                              d:/my works/embedded systems/embedded systems nti/avr interfacing course/eng gerges resources/sdk_win_64/sdk_win_64/winavr/bin/../lib/gcc/avr/4.3.3/avr5\libgcc.a(_fixunssfsi.o) (__fixsfsi)
d:/my works/embedded systems/embedded systems nti/avr interfacing course/eng gerges resources/sdk_win_64/sdk_win_64/winavr/bin/../lib/gcc/avr/4.3.3/avr5\libgcc.a(_thenan_sf.o)
                              d:/my works/embedded systems/embedded systems nti/avr interfacing course/eng gerges resources/sdk_win_64/sdk_win_64/winavr/bin/../lib/gcc/avr/4.3.3/avr5\libgcc.a(_addsub_sf.o) (__thenan_sf)
d:/my works/embedded systems/embedded systems nti/avr interfacing course/eng gerges resources/sdk_win_64/sdk_win_64/winavr/bin/../lib/gcc/avr/4.3.3/avr5\libgcc.a(_prologue.o)
                              d:/my works/embedded systems/embedded systems nti/avr interfacing course/eng gerges resources/sdk_win_64/sdk_win_64/winavr/bin/../lib/gcc/avr/4.3.3/avr5\libgcc.a(_addsub_sf.o) (__prologue_saves__)
d:/my works/embedded systems/embedded systems nti/avr interfacing course/eng gerges resources/sdk_win_64/sdk_win_64/winavr/bin/../lib/gcc/avr/4.3.3/avr5\libgcc.a(_epilogue.o)
                              d:/my works/embedded systems/embedded systems nti/avr interfacing course/eng gerges resources/sdk_win_64/sdk_win_64/winavr/bin/../lib/gcc/avr/4.3.3/avr5\libgcc.a(_addsub_sf.o) (__epilogue_restores__)
d:/my works/embedded systems/embedded systems nti/avr interfacing course/eng gerges resources/sdk_win_64/sdk_win_64/winavr/bin/../lib/gcc/avr/4.3.3/avr5\libgcc.a(_pack_sf.o)
                              d:/my works/embedded systems/embedded systems nti/avr interfacing course/eng gerges resources/sdk_win_64/sdk_win_64/winavr/bin/../lib/gcc/avr/4.3.3/avr5\libgcc.a(_addsub_sf.o) (__pack_f)
d:/my works/embedded systems/embedded systems nti/avr interfacing course/eng gerges resources/sdk_win_64/sdk_win_64/winavr/bin/../lib/gcc/avr/4.3.3/avr5\libgcc.a(_unpack_sf.o)
                              d:/my works/embedded systems/embedded systems nti/avr interfacing course/eng gerges resources/sdk_win_64/sdk_win_64/winavr/bin/../lib/gcc/avr/4.3.3/avr5\libgcc.a(_addsub_sf.o) (__unpack_f)
d:/my works/embedded systems/embedded systems nti/avr interfacing course/eng gerges resources/sdk_win_64/sdk_win_64/winavr/bin/../lib/gcc/avr/4.3.3/avr5\libgcc.a(_fpcmp_parts_sf.o)
                              d:/my works/embedded systems/embedded systems nti/avr interfacing course/eng gerges resources/sdk_win_64/sdk_win_64/winavr/bin/../lib/gcc/avr/4.3.3/avr5\libgcc.a(_gt_sf.o) (__fpcmp_parts_f)
d:/my works/embedded systems/embedded systems nti/avr interfacing course/eng gerges resources/sdk_win_64/sdk_win_64/winavr/bin/../lib/gcc/avr/4.3.3/../../../../avr/lib/avr5\libc.a(memcpy.o)
                              ./FreeRTOS_Stack/queue.o (memcpy)
d:/my works/embedded systems/embedded systems nti/avr interfacing course/eng gerges resources/sdk_win_64/sdk_win_64/winavr/bin/../lib/gcc/avr/4.3.3/../../../../avr/lib/avr5\libc.a(memset.o)
                              ./FreeRTOS_Stack/tasks.o (memset)
d:/my works/embedded systems/embedded systems nti/avr interfacing course/eng gerges resources/sdk_win_64/sdk_win_64/winavr/bin/../lib/gcc/avr/4.3.3/../../../../avr/lib/avr5\libc.a(strncpy.o)
                              ./FreeRTOS_Stack/tasks.o (strncpy)

Allocating common symbols
Common symbol       size              file

LCD_Semphor         0x2               ./main.o

Memory Configuration

Name             Origin             Length             Attributes
text             0x00000000         0x00020000         xr
data             0x00800060         0x0000ffa0         rw !x
eeprom           0x00810000         0x00010000         rw !x
fuse             0x00820000         0x00000400         rw !x
lock             0x00830000         0x00000400         rw !x
signature        0x00840000         0x00000400         rw !x
*default*        0x00000000         0xffffffff

Linker script and memory map

LOAD d:/my works/embedded systems/embedded systems nti/avr interfacing course/eng gerges resources/sdk_win_64/sdk_win_64/winavr/bin/../lib/gcc/avr/4.3.3/../../../../avr/lib/avr5/crtm32.o
LOAD ./MCAL/MUSART/MUSART_Program.o
LOAD ./MCAL/MTIMER/MTIMER_Program.o
LOAD ./MCAL/MGIE/MGIE_Program.o
LOAD ./MCAL/MEXTI/MEXTI_Program.o
LOAD ./MCAL/MDIO/MDIO_Program.o
LOAD ./MCAL/MADC/MADC_Program.o
LOAD ./HAL/HKPD/HKPD_Program.o
LOAD ./HAL/HCLCD/HCLCD_Program.o
LOAD ./FreeRTOS_Stack/croutine.o
LOAD ./FreeRTOS_Stack/heap_1.o
LOAD ./FreeRTOS_Stack/list.o
LOAD ./FreeRTOS_Stack/port.o
LOAD ./FreeRTOS_Stack/queue.o
LOAD ./FreeRTOS_Stack/tasks.o
LOAD ./FreeRTOS_Stack/timers.o
LOAD ./main.o
LOAD d:/my works/embedded systems/embedded systems nti/avr interfacing course/eng gerges resources/sdk_win_64/sdk_win_64/winavr/bin/../lib/gcc/avr/4.3.3/avr5\libgcc.a
LOAD d:/my works/embedded systems/embedded systems nti/avr interfacing course/eng gerges resources/sdk_win_64/sdk_win_64/winavr/bin/../lib/gcc/avr/4.3.3/../../../../avr/lib/avr5\libc.a
LOAD d:/my works/embedded systems/embedded systems nti/avr interfacing course/eng gerges resources/sdk_win_64/sdk_win_64/winavr/bin/../lib/gcc/avr/4.3.3/avr5\libgcc.a

.hash
 *(.hash)

.dynsym
 *(.dynsym)

.dynstr
 *(.dynstr)

.gnu.version
 *(.gnu.version)

.gnu.version_d
 *(.gnu.version_d)

.gnu.version_r
 *(.gnu.version_r)

.rel.init
 *(.rel.init)

.rela.init
 *(.rela.init)

.rel.text
 *(.rel.text)
 *(.rel.text.*)
 *(.rel.gnu.linkonce.t*)

.rela.text
 *(.rela.text)
 *(.rela.text.*)
 *(.rela.gnu.linkonce.t*)

.rel.fini
 *(.rel.fini)

.rela.fini
 *(.rela.fini)

.rel.rodata
 *(.rel.rodata)
 *(.rel.rodata.*)
 *(.rel.gnu.linkonce.r*)

.rela.rodata
 *(.rela.rodata)
 *(.rela.rodata.*)
 *(.rela.gnu.linkonce.r*)

.rel.data
 *(.rel.data)
 *(.rel.data.*)
 *(.rel.gnu.linkonce.d*)

.rela.data
 *(.rela.data)
 *(.rela.data.*)
 *(.rela.gnu.linkonce.d*)

.rel.ctors
 *(.rel.ctors)

.rela.ctors
 *(.rela.ctors)

.rel.dtors
 *(.rel.dtors)

.rela.dtors
 *(.rela.dtors)

.rel.got
 *(.rel.got)

.rela.got
 *(.rela.got)

.rel.bss
 *(.rel.bss)

.rela.bss
 *(.rela.bss)

.rel.plt
 *(.rel.plt)

.rela.plt
 *(.rela.plt)

.text           0x00000000     0x4e52
 *(.vectors)
 .vectors       0x00000000       0x54 d:/my works/embedded systems/embedded systems nti/avr interfacing course/eng gerges resources/sdk_win_64/sdk_win_64/winavr/bin/../lib/gcc/avr/4.3.3/../../../../avr/lib/avr5/crtm32.o
                0x00000000                __vectors
                0x00000000                __vector_default
 *(.vectors)
 *(.progmem.gcc*)
 *(.progmem*)
                0x00000054                . = ALIGN (0x2)
                0x00000054                __trampolines_start = .
 *(.trampolines)
 .trampolines   0x00000054        0x0 linker stubs
 *(.trampolines*)
                0x00000054                __trampolines_end = .
 *(.jumptables)
 *(.jumptables*)
 *(.lowtext)
 *(.lowtext*)
                0x00000054                __ctors_start = .
 *(.ctors)
                0x00000054                __ctors_end = .
                0x00000054                __dtors_start = .
 *(.dtors)
                0x00000054                __dtors_end = .
 SORT(*)(.ctors)
 SORT(*)(.dtors)
 *(.init0)
 .init0         0x00000054        0x0 d:/my works/embedded systems/embedded systems nti/avr interfacing course/eng gerges resources/sdk_win_64/sdk_win_64/winavr/bin/../lib/gcc/avr/4.3.3/../../../../avr/lib/avr5/crtm32.o
                0x00000054                __init
 *(.init0)
 *(.init1)
 *(.init1)
 *(.init2)
 .init2         0x00000054        0xc d:/my works/embedded systems/embedded systems nti/avr interfacing course/eng gerges resources/sdk_win_64/sdk_win_64/winavr/bin/../lib/gcc/avr/4.3.3/../../../../avr/lib/avr5/crtm32.o
 *(.init2)
 *(.init3)
 *(.init3)
 *(.init4)
 .init4         0x00000060       0x16 d:/my works/embedded systems/embedded systems nti/avr interfacing course/eng gerges resources/sdk_win_64/sdk_win_64/winavr/bin/../lib/gcc/avr/4.3.3/avr5\libgcc.a(_copy_data.o)
                0x00000060                __do_copy_data
 .init4         0x00000076       0x10 d:/my works/embedded systems/embedded systems nti/avr interfacing course/eng gerges resources/sdk_win_64/sdk_win_64/winavr/bin/../lib/gcc/avr/4.3.3/avr5\libgcc.a(_clear_bss.o)
                0x00000076                __do_clear_bss
 *(.init4)
 *(.init5)
 *(.init5)
 *(.init6)
 *(.init6)
 *(.init7)
 *(.init7)
 *(.init8)
 *(.init8)
 *(.init9)
 .init9         0x00000086        0x8 d:/my works/embedded systems/embedded systems nti/avr interfacing course/eng gerges resources/sdk_win_64/sdk_win_64/winavr/bin/../lib/gcc/avr/4.3.3/../../../../avr/lib/avr5/crtm32.o
 *(.init9)
 *(.text)
 .text          0x0000008e        0x4 d:/my works/embedded systems/embedded systems nti/avr interfacing course/eng gerges resources/sdk_win_64/sdk_win_64/winavr/bin/../lib/gcc/avr/4.3.3/../../../../avr/lib/avr5/crtm32.o
                0x0000008e                __vector_1
                0x0000008e                __vector_12
                0x0000008e                __bad_interrupt
                0x0000008e                __vector_6
                0x0000008e                __vector_3
                0x0000008e                __vector_13
                0x0000008e                __vector_17
                0x0000008e                __vector_19
                0x0000008e                __vector_5
                0x0000008e                __vector_4
                0x0000008e                __vector_9
                0x0000008e                __vector_2
                0x0000008e                __vector_15
                0x0000008e                __vector_8
                0x0000008e                __vector_14
                0x0000008e                __vector_16
                0x0000008e                __vector_18
                0x0000008e                __vector_20
 .text          0x00000092        0x0 ./MCAL/MUSART/MUSART_Program.o
 .text          0x00000092        0x0 ./MCAL/MTIMER/MTIMER_Program.o
 .text          0x00000092        0x0 ./MCAL/MGIE/MGIE_Program.o
 .text          0x00000092        0x0 ./MCAL/MEXTI/MEXTI_Program.o
 .text          0x00000092        0x0 ./MCAL/MDIO/MDIO_Program.o
 .text          0x00000092        0x0 ./MCAL/MADC/MADC_Program.o
 .text          0x00000092        0x0 ./HAL/HKPD/HKPD_Program.o
 .text          0x00000092        0x0 ./HAL/HCLCD/HCLCD_Program.o
 .text          0x00000092        0x0 ./FreeRTOS_Stack/croutine.o
 .text          0x00000092        0x0 ./FreeRTOS_Stack/heap_1.o
 .text          0x00000092        0x0 ./FreeRTOS_Stack/list.o
 .text          0x00000092        0x0 ./FreeRTOS_Stack/port.o
 .text          0x00000092        0x0 ./FreeRTOS_Stack/queue.o
 .text          0x00000092        0x0 ./FreeRTOS_Stack/tasks.o
 .text          0x00000092        0x0 ./FreeRTOS_Stack/timers.o
 .text          0x00000092        0x0 ./main.o
 .text          0x00000092        0x0 d:/my works/embedded systems/embedded systems nti/avr interfacing course/eng gerges resources/sdk_win_64/sdk_win_64/winavr/bin/../lib/gcc/avr/4.3.3/avr5\libgcc.a(_udivmodsi4.o)
 .text          0x00000092        0x0 d:/my works/embedded systems/embedded systems nti/avr interfacing course/eng gerges resources/sdk_win_64/sdk_win_64/winavr/bin/../lib/gcc/avr/4.3.3/avr5\libgcc.a(_exit.o)
 .text          0x00000092        0x0 d:/my works/embedded systems/embedded systems nti/avr interfacing course/eng gerges resources/sdk_win_64/sdk_win_64/winavr/bin/../lib/gcc/avr/4.3.3/avr5\libgcc.a(_copy_data.o)
 .text          0x00000092        0x0 d:/my works/embedded systems/embedded systems nti/avr interfacing course/eng gerges resources/sdk_win_64/sdk_win_64/winavr/bin/../lib/gcc/avr/4.3.3/avr5\libgcc.a(_clear_bss.o)
 .text          0x00000092       0x58 d:/my works/embedded systems/embedded systems nti/avr interfacing course/eng gerges resources/sdk_win_64/sdk_win_64/winavr/bin/../lib/gcc/avr/4.3.3/avr5\libgcc.a(_fixunssfsi.o)
                0x00000092                __fixunssfsi
 .text          0x000000ea      0x354 d:/my works/embedded systems/embedded systems nti/avr interfacing course/eng gerges resources/sdk_win_64/sdk_win_64/winavr/bin/../lib/gcc/avr/4.3.3/avr5\libgcc.a(_addsub_sf.o)
                0x00000382                __subsf3
                0x000003e4                __addsf3
 .text          0x0000043e      0x1f4 d:/my works/embedded systems/embedded systems nti/avr interfacing course/eng gerges resources/sdk_win_64/sdk_win_64/winavr/bin/../lib/gcc/avr/4.3.3/avr5\libgcc.a(_mul_sf.o)
                0x0000043e                __mulsf3
 .text          0x00000632       0x60 d:/my works/embedded systems/embedded systems nti/avr interfacing course/eng gerges resources/sdk_win_64/sdk_win_64/winavr/bin/../lib/gcc/avr/4.3.3/avr5\libgcc.a(_gt_sf.o)
                0x00000632                __gtsf2
 .text          0x00000692       0x60 d:/my works/embedded systems/embedded systems nti/avr interfacing course/eng gerges resources/sdk_win_64/sdk_win_64/winavr/bin/../lib/gcc/avr/4.3.3/avr5\libgcc.a(_ge_sf.o)
                0x00000692                __gesf2
 .text          0x000006f2       0x60 d:/my works/embedded systems/embedded systems nti/avr interfacing course/eng gerges resources/sdk_win_64/sdk_win_64/winavr/bin/../lib/gcc/avr/4.3.3/avr5\libgcc.a(_lt_sf.o)
                0x000006f2                __ltsf2
 .text          0x00000752       0xa8 d:/my works/embedded systems/embedded systems nti/avr interfacing course/eng gerges resources/sdk_win_64/sdk_win_64/winavr/bin/../lib/gcc/avr/4.3.3/avr5\libgcc.a(_sf_to_si.o)
                0x00000752                __fixsfsi
 .text          0x000007fa        0x0 d:/my works/embedded systems/embedded systems nti/avr interfacing course/eng gerges resources/sdk_win_64/sdk_win_64/winavr/bin/../lib/gcc/avr/4.3.3/avr5\libgcc.a(_thenan_sf.o)
 .text          0x000007fa        0x0 d:/my works/embedded systems/embedded systems nti/avr interfacing course/eng gerges resources/sdk_win_64/sdk_win_64/winavr/bin/../lib/gcc/avr/4.3.3/avr5\libgcc.a(_prologue.o)
 .text          0x000007fa        0x0 d:/my works/embedded systems/embedded systems nti/avr interfacing course/eng gerges resources/sdk_win_64/sdk_win_64/winavr/bin/../lib/gcc/avr/4.3.3/avr5\libgcc.a(_epilogue.o)
 .text          0x000007fa      0x1aa d:/my works/embedded systems/embedded systems nti/avr interfacing course/eng gerges resources/sdk_win_64/sdk_win_64/winavr/bin/../lib/gcc/avr/4.3.3/avr5\libgcc.a(_pack_sf.o)
                0x000007fa                __pack_f
 .text          0x000009a4       0xf0 d:/my works/embedded systems/embedded systems nti/avr interfacing course/eng gerges resources/sdk_win_64/sdk_win_64/winavr/bin/../lib/gcc/avr/4.3.3/avr5\libgcc.a(_unpack_sf.o)
                0x000009a4                __unpack_f
 .text          0x00000a94       0xb2 d:/my works/embedded systems/embedded systems nti/avr interfacing course/eng gerges resources/sdk_win_64/sdk_win_64/winavr/bin/../lib/gcc/avr/4.3.3/avr5\libgcc.a(_fpcmp_parts_sf.o)
                0x00000a94                __fpcmp_parts_f
 .text          0x00000b46        0x0 d:/my works/embedded systems/embedded systems nti/avr interfacing course/eng gerges resources/sdk_win_64/sdk_win_64/winavr/bin/../lib/gcc/avr/4.3.3/../../../../avr/lib/avr5\libc.a(memcpy.o)
 .text          0x00000b46        0x0 d:/my works/embedded systems/embedded systems nti/avr interfacing course/eng gerges resources/sdk_win_64/sdk_win_64/winavr/bin/../lib/gcc/avr/4.3.3/../../../../avr/lib/avr5\libc.a(memset.o)
 .text          0x00000b46        0x0 d:/my works/embedded systems/embedded systems nti/avr interfacing course/eng gerges resources/sdk_win_64/sdk_win_64/winavr/bin/../lib/gcc/avr/4.3.3/../../../../avr/lib/avr5\libc.a(strncpy.o)
                0x00000b46                . = ALIGN (0x2)
 *(.text.*)
 .text.MUSART_Init
                0x00000b46       0x94 ./MCAL/MUSART/MUSART_Program.o
                0x00000b46                MUSART_Init
 .text.MUSART_SendChar
                0x00000bda       0x34 ./MCAL/MUSART/MUSART_Program.o
                0x00000bda                MUSART_SendChar
 .text.MUSART_ReceiveChar
                0x00000c0e       0x1e ./MCAL/MUSART/MUSART_Program.o
                0x00000c0e                MUSART_ReceiveChar
 .text.MUSART_SendString
                0x00000c2c       0x52 ./MCAL/MUSART/MUSART_Program.o
                0x00000c2c                MUSART_SendString
 .text.MUSART_ReceiveString
                0x00000c7e       0x5c ./MCAL/MUSART/MUSART_Program.o
                0x00000c7e                MUSART_ReceiveString
 .text.MTIMER0_Init
                0x00000cda       0x7e ./MCAL/MTIMER/MTIMER_Program.o
                0x00000cda                MTIMER0_Init
 .text.MTIMER0_SetPreload
                0x00000d58       0x1c ./MCAL/MTIMER/MTIMER_Program.o
                0x00000d58                MTIMER0_SetPreload
 .text.MTIMER0_SetCTC
                0x00000d74       0x1c ./MCAL/MTIMER/MTIMER_Program.o
                0x00000d74                MTIMER0_SetCTC
 .text.MTIMER0_OVERFLOW_CALLBACK
                0x00000d90       0x38 ./MCAL/MTIMER/MTIMER_Program.o
                0x00000d90                MTIMER0_OVERFLOW_CALLBACK
 .text.MTIMER0_CTC_CALLBACK
                0x00000dc8       0x38 ./MCAL/MTIMER/MTIMER_Program.o
                0x00000dc8                MTIMER0_CTC_CALLBACK
 .text.MTIMER0_SetDutyCycle
                0x00000e00       0x64 ./MCAL/MTIMER/MTIMER_Program.o
                0x00000e00                MTIMER0_SetDutyCycle
 .text.__vector_10
                0x00000e64       0x66 ./MCAL/MTIMER/MTIMER_Program.o
                0x00000e64                __vector_10
 .text.__vector_11
                0x00000eca       0x66 ./MCAL/MTIMER/MTIMER_Program.o
                0x00000eca                __vector_11
 .text.MGIE_Enable
                0x00000f30       0x1c ./MCAL/MGIE/MGIE_Program.o
                0x00000f30                MGIE_Enable
 .text.MGIE_Disable
                0x00000f4c       0x1c ./MCAL/MGIE/MGIE_Program.o
                0x00000f4c                MGIE_Disable
 .text.MEXTI0_Init
                0x00000f68       0x38 ./MCAL/MEXTI/MEXTI_Program.o
                0x00000f68                MEXTI0_Init
 .text.MEXTI1_Init
                0x00000fa0        0xe ./MCAL/MEXTI/MEXTI_Program.o
                0x00000fa0                MEXTI1_Init
 .text.MEXTI2_Init
                0x00000fae        0xe ./MCAL/MEXTI/MEXTI_Program.o
                0x00000fae                MEXTI2_Init
 .text.MDIO_SetPortDirection
                0x00000fbc       0x8e ./MCAL/MDIO/MDIO_Program.o
                0x00000fbc                MDIO_SetPortDirection
 .text.MDIO_SetPinDirection
                0x0000104a      0x1ec ./MCAL/MDIO/MDIO_Program.o
                0x0000104a                MDIO_SetPinDirection
 .text.MDIO_SetPortValue
                0x00001236       0x8e ./MCAL/MDIO/MDIO_Program.o
                0x00001236                MDIO_SetPortValue
 .text.MDIO_SetPinValue
                0x000012c4      0x1ec ./MCAL/MDIO/MDIO_Program.o
                0x000012c4                MDIO_SetPinValue
 .text.MDIO_ReadPort
                0x000014b0       0xa0 ./MCAL/MDIO/MDIO_Program.o
                0x000014b0                MDIO_ReadPort
 .text.MDIO_ReadPin
                0x00001550      0x110 ./MCAL/MDIO/MDIO_Program.o
                0x00001550                MDIO_ReadPin
 .text.MDIO_TogglePin
                0x00001660      0x102 ./MCAL/MDIO/MDIO_Program.o
                0x00001660                MDIO_TogglePin
 .text.MDIO_SetNibbleValue
                0x00001762      0x17e ./MCAL/MDIO/MDIO_Program.o
                0x00001762                MDIO_SetNibbleValue
 .text.MADC_Init
                0x000018e0       0x70 ./MCAL/MADC/MADC_Program.o
                0x000018e0                MADC_Init
 .text.MADC_StartConversion
                0x00001950       0x66 ./MCAL/MADC/MADC_Program.o
                0x00001950                MADC_StartConversion
 .text.HKPD_Init
                0x000019b6       0xae ./HAL/HKPD/HKPD_Program.o
                0x000019b6                HKPD_Init
 .text.HKPD_GetPressedButton
                0x00001a64       0xb6 ./HAL/HKPD/HKPD_Program.o
                0x00001a64                HKPD_GetPressedButton
 .text.HCLCD_WriteCommand4Bit
                0x00001b1a      0x248 ./HAL/HCLCD/HCLCD_Program.o
                0x00001b1a                HCLCD_WriteCommand4Bit
 .text.HCLCD_Init4Bit
                0x00001d62      0x562 ./HAL/HCLCD/HCLCD_Program.o
                0x00001d62                HCLCD_Init4Bit
 .text.HCLCD_WriteChar4Bit
                0x000022c4      0x248 ./HAL/HCLCD/HCLCD_Program.o
                0x000022c4                HCLCD_WriteChar4Bit
 .text.HCLCD_SetCursorPosition
                0x0000250c       0x42 ./HAL/HCLCD/HCLCD_Program.o
                0x0000250c                HCLCD_SetCursorPosition
 .text.HCLCD_WriteNumber
                0x0000254e       0xee ./HAL/HCLCD/HCLCD_Program.o
                0x0000254e                HCLCD_WriteNumber
 .text.HCLCD_WriteString
                0x0000263c       0x5a ./HAL/HCLCD/HCLCD_Program.o
                0x0000263c                HCLCD_WriteString
 .text.xCoRoutineCreate
                0x00002696      0x128 ./FreeRTOS_Stack/croutine.o
                0x00002696                xCoRoutineCreate
 .text.vCoRoutineAddToDelayedList
                0x000027be       0xc2 ./FreeRTOS_Stack/croutine.o
                0x000027be                vCoRoutineAddToDelayedList
 .text.prvCheckPendingReadyList
                0x00002880       0x94 ./FreeRTOS_Stack/croutine.o
 .text.prvCheckDelayedList
                0x00002914      0x15c ./FreeRTOS_Stack/croutine.o
 .text.vCoRoutineSchedule
                0x00002a70       0xf4 ./FreeRTOS_Stack/croutine.o
                0x00002a70                vCoRoutineSchedule
 .text.prvInitialiseCoRoutineLists
                0x00002b64       0x72 ./FreeRTOS_Stack/croutine.o
 .text.xCoRoutineRemoveFromEventList
                0x00002bd6       0x70 ./FreeRTOS_Stack/croutine.o
                0x00002bd6                xCoRoutineRemoveFromEventList
 .text.pvPortMalloc
                0x00002c46       0x8c ./FreeRTOS_Stack/heap_1.o
                0x00002c46                pvPortMalloc
 .text.vPortFree
                0x00002cd2       0x18 ./FreeRTOS_Stack/heap_1.o
                0x00002cd2                vPortFree
 .text.vPortInitialiseBlocks
                0x00002cea       0x16 ./FreeRTOS_Stack/heap_1.o
                0x00002cea                vPortInitialiseBlocks
 .text.xPortGetFreeHeapSize
                0x00002d00       0x1e ./FreeRTOS_Stack/heap_1.o
                0x00002d00                xPortGetFreeHeapSize
 .text.vListInitialise
                0x00002d1e       0x54 ./FreeRTOS_Stack/list.o
                0x00002d1e                vListInitialise
 .text.vListInitialiseItem
                0x00002d72       0x20 ./FreeRTOS_Stack/list.o
                0x00002d72                vListInitialiseItem
 .text.vListInsertEnd
                0x00002d92       0x98 ./FreeRTOS_Stack/list.o
                0x00002d92                vListInsertEnd
 .text.vListInsert
                0x00002e2a       0xd8 ./FreeRTOS_Stack/list.o
                0x00002e2a                vListInsert
 .text.vListRemove
                0x00002f02       0x92 ./FreeRTOS_Stack/list.o
                0x00002f02                vListRemove
 .text.pxPortInitialiseStack
                0x00002f94      0x306 ./FreeRTOS_Stack/port.o
                0x00002f94                pxPortInitialiseStack
 .text.xPortStartScheduler
                0x0000329a       0x6a ./FreeRTOS_Stack/port.o
                0x0000329a                xPortStartScheduler
 .text.vPortEndScheduler
                0x00003304        0xe ./FreeRTOS_Stack/port.o
                0x00003304                vPortEndScheduler
 .text.vPortYield
                0x00003312       0xb2 ./FreeRTOS_Stack/port.o
                0x00003312                vPortYield
 .text.vPortYieldFromTick
                0x000033c4       0xb6 ./FreeRTOS_Stack/port.o
                0x000033c4                vPortYieldFromTick
 .text.prvSetupTimerInterrupt
                0x0000347a       0xb8 ./FreeRTOS_Stack/port.o
 .text.__vector_7
                0x00003532        0x6 ./FreeRTOS_Stack/port.o
                0x00003532                __vector_7
 .text.xQueueCreate
                0x00003538      0x152 ./FreeRTOS_Stack/queue.o
                0x00003538                xQueueCreate
 .text.xQueueGenericSend
                0x0000368a      0x13c ./FreeRTOS_Stack/queue.o
                0x0000368a                xQueueGenericSend
 .text.xQueueGenericSendFromISR
                0x000037c6       0x9a ./FreeRTOS_Stack/queue.o
                0x000037c6                xQueueGenericSendFromISR
 .text.xQueueGenericReceive
                0x00003860      0x180 ./FreeRTOS_Stack/queue.o
                0x00003860                xQueueGenericReceive
 .text.xQueueReceiveFromISR
                0x000039e0       0x9e ./FreeRTOS_Stack/queue.o
                0x000039e0                xQueueReceiveFromISR
 .text.uxQueueMessagesWaiting
                0x00003a7e       0x30 ./FreeRTOS_Stack/queue.o
                0x00003a7e                uxQueueMessagesWaiting
 .text.uxQueueMessagesWaitingFromISR
                0x00003aae       0x26 ./FreeRTOS_Stack/queue.o
                0x00003aae                uxQueueMessagesWaitingFromISR
 .text.vQueueDelete
                0x00003ad4       0x2c ./FreeRTOS_Stack/queue.o
                0x00003ad4                vQueueDelete
 .text.prvCopyDataToQueue
                0x00003b00      0x12a ./FreeRTOS_Stack/queue.o
 .text.prvCopyDataFromQueue
                0x00003c2a       0x90 ./FreeRTOS_Stack/queue.o
 .text.prvUnlockQueue
                0x00003cba       0xa8 ./FreeRTOS_Stack/queue.o
 .text.prvIsQueueEmpty
                0x00003d62       0x38 ./FreeRTOS_Stack/queue.o
 .text.xQueueIsQueueEmptyFromISR
                0x00003d9a       0x2e ./FreeRTOS_Stack/queue.o
                0x00003d9a                xQueueIsQueueEmptyFromISR
 .text.prvIsQueueFull
                0x00003dc8       0x3e ./FreeRTOS_Stack/queue.o
 .text.xQueueIsQueueFullFromISR
                0x00003e06       0x34 ./FreeRTOS_Stack/queue.o
                0x00003e06                xQueueIsQueueFullFromISR
 .text.xTaskGenericCreate
                0x00003e3a      0x1da ./FreeRTOS_Stack/tasks.o
                0x00003e3a                xTaskGenericCreate
 .text.vTaskDelete
                0x00004014       0xc6 ./FreeRTOS_Stack/tasks.o
                0x00004014                vTaskDelete
 .text.vTaskDelayUntil
                0x000040da       0xe8 ./FreeRTOS_Stack/tasks.o
                0x000040da                vTaskDelayUntil
 .text.vTaskDelay
                0x000041c2       0x6a ./FreeRTOS_Stack/tasks.o
                0x000041c2                vTaskDelay
 .text.vTaskStartScheduler
                0x0000422c       0x6e ./FreeRTOS_Stack/tasks.o
                0x0000422c                vTaskStartScheduler
 .text.vTaskEndScheduler
                0x0000429a       0x18 ./FreeRTOS_Stack/tasks.o
                0x0000429a                vTaskEndScheduler
 .text.vTaskSuspendAll
                0x000042b2       0x18 ./FreeRTOS_Stack/tasks.o
                0x000042b2                vTaskSuspendAll
 .text.xTaskResumeAll
                0x000042ca      0x114 ./FreeRTOS_Stack/tasks.o
                0x000042ca                xTaskResumeAll
 .text.xTaskGetTickCount
                0x000043de       0x2e ./FreeRTOS_Stack/tasks.o
                0x000043de                xTaskGetTickCount
 .text.xTaskGetTickCountFromISR
                0x0000440c       0x2a ./FreeRTOS_Stack/tasks.o
                0x0000440c                xTaskGetTickCountFromISR
 .text.uxTaskGetNumberOfTasks
                0x00004436       0x12 ./FreeRTOS_Stack/tasks.o
                0x00004436                uxTaskGetNumberOfTasks
 .text.vTaskIncrementTick
                0x00004448      0x1aa ./FreeRTOS_Stack/tasks.o
                0x00004448                vTaskIncrementTick
 .text.vTaskSwitchContext
                0x000045f2       0xcc ./FreeRTOS_Stack/tasks.o
                0x000045f2                vTaskSwitchContext
 .text.vTaskPlaceOnEventList
                0x000046be       0x6c ./FreeRTOS_Stack/tasks.o
                0x000046be                vTaskPlaceOnEventList
 .text.xTaskRemoveFromEventList
                0x0000472a       0xd0 ./FreeRTOS_Stack/tasks.o
                0x0000472a                xTaskRemoveFromEventList
 .text.vTaskSetTimeOutState
                0x000047fa       0x32 ./FreeRTOS_Stack/tasks.o
                0x000047fa                vTaskSetTimeOutState
 .text.xTaskCheckForTimeOut
                0x0000482c       0xba ./FreeRTOS_Stack/tasks.o
                0x0000482c                xTaskCheckForTimeOut
 .text.vTaskMissedYield
                0x000048e6       0x14 ./FreeRTOS_Stack/tasks.o
                0x000048e6                vTaskMissedYield
 .text.prvIdleTask
                0x000048fa       0x14 ./FreeRTOS_Stack/tasks.o
 .text.prvInitialiseTCBVariables
                0x0000490e       0xae ./FreeRTOS_Stack/tasks.o
 .text.prvInitialiseTaskLists
                0x000049bc       0x7a ./FreeRTOS_Stack/tasks.o
 .text.prvCheckTasksWaitingTermination
                0x00004a36       0x7c ./FreeRTOS_Stack/tasks.o
 .text.prvAddCurrentTaskToDelayedList
                0x00004ab2       0x92 ./FreeRTOS_Stack/tasks.o
 .text.prvAllocateTCBAndStack
                0x00004b44       0xa0 ./FreeRTOS_Stack/tasks.o
 .text.prvDeleteTCB
                0x00004be4       0x2c ./FreeRTOS_Stack/tasks.o
 .text.Task_1   0x00004c10       0x52 ./main.o
                0x00004c10                Task_1
 .text.Task_2   0x00004c62       0x52 ./main.o
                0x00004c62                Task_2
 .text.main     0x00004cb4       0xaa ./main.o
                0x00004cb4                main
 .text.libgcc   0x00004d5e       0x44 d:/my works/embedded systems/embedded systems nti/avr interfacing course/eng gerges resources/sdk_win_64/sdk_win_64/winavr/bin/../lib/gcc/avr/4.3.3/avr5\libgcc.a(_udivmodsi4.o)
                0x00004d5e                __udivmodsi4
 .text.libgcc   0x00004da2        0x0 d:/my works/embedded systems/embedded systems nti/avr interfacing course/eng gerges resources/sdk_win_64/sdk_win_64/winavr/bin/../lib/gcc/avr/4.3.3/avr5\libgcc.a(_exit.o)
 .text.libgcc   0x00004da2        0x0 d:/my works/embedded systems/embedded systems nti/avr interfacing course/eng gerges resources/sdk_win_64/sdk_win_64/winavr/bin/../lib/gcc/avr/4.3.3/avr5\libgcc.a(_copy_data.o)
 .text.libgcc   0x00004da2        0x0 d:/my works/embedded systems/embedded systems nti/avr interfacing course/eng gerges resources/sdk_win_64/sdk_win_64/winavr/bin/../lib/gcc/avr/4.3.3/avr5\libgcc.a(_clear_bss.o)
 .text.libgcc   0x00004da2       0x38 d:/my works/embedded systems/embedded systems nti/avr interfacing course/eng gerges resources/sdk_win_64/sdk_win_64/winavr/bin/../lib/gcc/avr/4.3.3/avr5\libgcc.a(_prologue.o)
                0x00004da2                __prologue_saves__
 .text.libgcc   0x00004dda       0x36 d:/my works/embedded systems/embedded systems nti/avr interfacing course/eng gerges resources/sdk_win_64/sdk_win_64/winavr/bin/../lib/gcc/avr/4.3.3/avr5\libgcc.a(_epilogue.o)
                0x00004dda                __epilogue_restores__
 .text.avr-libc
                0x00004e10       0x12 d:/my works/embedded systems/embedded systems nti/avr interfacing course/eng gerges resources/sdk_win_64/sdk_win_64/winavr/bin/../lib/gcc/avr/4.3.3/../../../../avr/lib/avr5\libc.a(memcpy.o)
                0x00004e10                memcpy
 .text.avr-libc
                0x00004e22        0xe d:/my works/embedded systems/embedded systems nti/avr interfacing course/eng gerges resources/sdk_win_64/sdk_win_64/winavr/bin/../lib/gcc/avr/4.3.3/../../../../avr/lib/avr5\libc.a(memset.o)
                0x00004e22                memset
 .text.avr-libc
                0x00004e30       0x1e d:/my works/embedded systems/embedded systems nti/avr interfacing course/eng gerges resources/sdk_win_64/sdk_win_64/winavr/bin/../lib/gcc/avr/4.3.3/../../../../avr/lib/avr5\libc.a(strncpy.o)
                0x00004e30                strncpy
                0x00004e4e                . = ALIGN (0x2)
 *(.fini9)
 .fini9         0x00004e4e        0x0 d:/my works/embedded systems/embedded systems nti/avr interfacing course/eng gerges resources/sdk_win_64/sdk_win_64/winavr/bin/../lib/gcc/avr/4.3.3/avr5\libgcc.a(_exit.o)
                0x00004e4e                exit
                0x00004e4e                _exit
 *(.fini9)
 *(.fini8)
 *(.fini8)
 *(.fini7)
 *(.fini7)
 *(.fini6)
 *(.fini6)
 *(.fini5)
 *(.fini5)
 *(.fini4)
 *(.fini4)
 *(.fini3)
 *(.fini3)
 *(.fini2)
 *(.fini2)
 *(.fini1)
 *(.fini1)
 *(.fini0)
 .fini0         0x00004e4e        0x4 d:/my works/embedded systems/embedded systems nti/avr interfacing course/eng gerges resources/sdk_win_64/sdk_win_64/winavr/bin/../lib/gcc/avr/4.3.3/avr5\libgcc.a(_exit.o)
 *(.fini0)
                0x00004e52                _etext = .

.data           0x00800060       0x2c load address 0x00004e52
                0x00800060                PROVIDE (__data_start, .)
 *(.data)
 .data          0x00800060        0x0 d:/my works/embedded systems/embedded systems nti/avr interfacing course/eng gerges resources/sdk_win_64/sdk_win_64/winavr/bin/../lib/gcc/avr/4.3.3/../../../../avr/lib/avr5/crtm32.o
 .data          0x00800060        0x0 ./MCAL/MUSART/MUSART_Program.o
 .data          0x00800060        0x0 ./MCAL/MTIMER/MTIMER_Program.o
 .data          0x00800060        0x0 ./MCAL/MGIE/MGIE_Program.o
 .data          0x00800060        0x0 ./MCAL/MEXTI/MEXTI_Program.o
 .data          0x00800060        0x0 ./MCAL/MDIO/MDIO_Program.o
 .data          0x00800060        0x0 ./MCAL/MADC/MADC_Program.o
 .data          0x00800060        0x0 ./HAL/HKPD/HKPD_Program.o
 .data          0x00800060        0x0 ./HAL/HCLCD/HCLCD_Program.o
 .data          0x00800060        0x0 ./FreeRTOS_Stack/croutine.o
 .data          0x00800060        0x0 ./FreeRTOS_Stack/heap_1.o
 .data          0x00800060        0x0 ./FreeRTOS_Stack/list.o
 .data          0x00800060        0x0 ./FreeRTOS_Stack/port.o
 .data          0x00800060        0x0 ./FreeRTOS_Stack/queue.o
 .data          0x00800060        0x5 ./FreeRTOS_Stack/tasks.o
 .data          0x00800065        0x0 ./FreeRTOS_Stack/timers.o
 .data          0x00800065        0xc ./main.o
 .data          0x00800071        0x0 d:/my works/embedded systems/embedded systems nti/avr interfacing course/eng gerges resources/sdk_win_64/sdk_win_64/winavr/bin/../lib/gcc/avr/4.3.3/avr5\libgcc.a(_udivmodsi4.o)
 .data          0x00800071        0x0 d:/my works/embedded systems/embedded systems nti/avr interfacing course/eng gerges resources/sdk_win_64/sdk_win_64/winavr/bin/../lib/gcc/avr/4.3.3/avr5\libgcc.a(_exit.o)
 .data          0x00800071        0x0 d:/my works/embedded systems/embedded systems nti/avr interfacing course/eng gerges resources/sdk_win_64/sdk_win_64/winavr/bin/../lib/gcc/avr/4.3.3/avr5\libgcc.a(_copy_data.o)
 .data          0x00800071        0x0 d:/my works/embedded systems/embedded systems nti/avr interfacing course/eng gerges resources/sdk_win_64/sdk_win_64/winavr/bin/../lib/gcc/avr/4.3.3/avr5\libgcc.a(_clear_bss.o)
 .data          0x00800071        0x0 d:/my works/embedded systems/embedded systems nti/avr interfacing course/eng gerges resources/sdk_win_64/sdk_win_64/winavr/bin/../lib/gcc/avr/4.3.3/avr5\libgcc.a(_fixunssfsi.o)
 .data          0x00800071        0x0 d:/my works/embedded systems/embedded systems nti/avr interfacing course/eng gerges resources/sdk_win_64/sdk_win_64/winavr/bin/../lib/gcc/avr/4.3.3/avr5\libgcc.a(_addsub_sf.o)
 .data          0x00800071        0x0 d:/my works/embedded systems/embedded systems nti/avr interfacing course/eng gerges resources/sdk_win_64/sdk_win_64/winavr/bin/../lib/gcc/avr/4.3.3/avr5\libgcc.a(_mul_sf.o)
 .data          0x00800071        0x0 d:/my works/embedded systems/embedded systems nti/avr interfacing course/eng gerges resources/sdk_win_64/sdk_win_64/winavr/bin/../lib/gcc/avr/4.3.3/avr5\libgcc.a(_gt_sf.o)
 .data          0x00800071        0x0 d:/my works/embedded systems/embedded systems nti/avr interfacing course/eng gerges resources/sdk_win_64/sdk_win_64/winavr/bin/../lib/gcc/avr/4.3.3/avr5\libgcc.a(_ge_sf.o)
 .data          0x00800071        0x0 d:/my works/embedded systems/embedded systems nti/avr interfacing course/eng gerges resources/sdk_win_64/sdk_win_64/winavr/bin/../lib/gcc/avr/4.3.3/avr5\libgcc.a(_lt_sf.o)
 .data          0x00800071        0x0 d:/my works/embedded systems/embedded systems nti/avr interfacing course/eng gerges resources/sdk_win_64/sdk_win_64/winavr/bin/../lib/gcc/avr/4.3.3/avr5\libgcc.a(_sf_to_si.o)
 .data          0x00800071        0x8 d:/my works/embedded systems/embedded systems nti/avr interfacing course/eng gerges resources/sdk_win_64/sdk_win_64/winavr/bin/../lib/gcc/avr/4.3.3/avr5\libgcc.a(_thenan_sf.o)
                0x00800071                __thenan_sf
 .data          0x00800079        0x0 d:/my works/embedded systems/embedded systems nti/avr interfacing course/eng gerges resources/sdk_win_64/sdk_win_64/winavr/bin/../lib/gcc/avr/4.3.3/avr5\libgcc.a(_prologue.o)
 .data          0x00800079        0x0 d:/my works/embedded systems/embedded systems nti/avr interfacing course/eng gerges resources/sdk_win_64/sdk_win_64/winavr/bin/../lib/gcc/avr/4.3.3/avr5\libgcc.a(_epilogue.o)
 .data          0x00800079        0x0 d:/my works/embedded systems/embedded systems nti/avr interfacing course/eng gerges resources/sdk_win_64/sdk_win_64/winavr/bin/../lib/gcc/avr/4.3.3/avr5\libgcc.a(_pack_sf.o)
 .data          0x00800079        0x0 d:/my works/embedded systems/embedded systems nti/avr interfacing course/eng gerges resources/sdk_win_64/sdk_win_64/winavr/bin/../lib/gcc/avr/4.3.3/avr5\libgcc.a(_unpack_sf.o)
 .data          0x00800079        0x0 d:/my works/embedded systems/embedded systems nti/avr interfacing course/eng gerges resources/sdk_win_64/sdk_win_64/winavr/bin/../lib/gcc/avr/4.3.3/avr5\libgcc.a(_fpcmp_parts_sf.o)
 .data          0x00800079        0x0 d:/my works/embedded systems/embedded systems nti/avr interfacing course/eng gerges resources/sdk_win_64/sdk_win_64/winavr/bin/../lib/gcc/avr/4.3.3/../../../../avr/lib/avr5\libc.a(memcpy.o)
 .data          0x00800079        0x0 d:/my works/embedded systems/embedded systems nti/avr interfacing course/eng gerges resources/sdk_win_64/sdk_win_64/winavr/bin/../lib/gcc/avr/4.3.3/../../../../avr/lib/avr5\libc.a(memset.o)
 .data          0x00800079        0x0 d:/my works/embedded systems/embedded systems nti/avr interfacing course/eng gerges resources/sdk_win_64/sdk_win_64/winavr/bin/../lib/gcc/avr/4.3.3/../../../../avr/lib/avr5\libc.a(strncpy.o)
 *(.data*)
 .data.HKPD_SwitchValues
                0x00800079       0x10 ./HAL/HKPD/HKPD_Program.o
                0x00800079                HKPD_SwitchValues
 .data.xNextTaskUnblockTime
                0x00800089        0x2 ./FreeRTOS_Stack/tasks.o
 *(.rodata)
 *(.rodata*)
 *(.gnu.linkonce.d*)
                0x0080008c                . = ALIGN (0x2)
 *fill*         0x0080008b        0x1 00
                0x0080008c                _edata = .
                0x0080008c                PROVIDE (__data_end, .)

.bss            0x0080008c      0x48d
                0x0080008c                PROVIDE (__bss_start, .)
 *(.bss)
 .bss           0x0080008c        0x0 d:/my works/embedded systems/embedded systems nti/avr interfacing course/eng gerges resources/sdk_win_64/sdk_win_64/winavr/bin/../lib/gcc/avr/4.3.3/../../../../avr/lib/avr5/crtm32.o
 .bss           0x0080008c        0x0 ./MCAL/MUSART/MUSART_Program.o
 .bss           0x0080008c        0x0 ./MCAL/MTIMER/MTIMER_Program.o
 .bss           0x0080008c        0x0 ./MCAL/MGIE/MGIE_Program.o
 .bss           0x0080008c        0x0 ./MCAL/MEXTI/MEXTI_Program.o
 .bss           0x0080008c        0x0 ./MCAL/MDIO/MDIO_Program.o
 .bss           0x0080008c        0x0 ./MCAL/MADC/MADC_Program.o
 .bss           0x0080008c        0x0 ./HAL/HKPD/HKPD_Program.o
 .bss           0x0080008c        0x0 ./HAL/HCLCD/HCLCD_Program.o
 .bss           0x0080008c        0x0 ./FreeRTOS_Stack/croutine.o
 .bss           0x0080008c        0x0 ./FreeRTOS_Stack/heap_1.o
 .bss           0x0080008c        0x0 ./FreeRTOS_Stack/list.o
 .bss           0x0080008c        0x0 ./FreeRTOS_Stack/port.o
 .bss           0x0080008c        0x0 ./FreeRTOS_Stack/queue.o
 .bss           0x0080008c        0x0 ./FreeRTOS_Stack/tasks.o
 .bss           0x0080008c        0x0 ./FreeRTOS_Stack/timers.o
 .bss           0x0080008c        0x0 ./main.o
 .bss           0x0080008c        0x0 d:/my works/embedded systems/embedded systems nti/avr interfacing course/eng gerges resources/sdk_win_64/sdk_win_64/winavr/bin/../lib/gcc/avr/4.3.3/avr5\libgcc.a(_udivmodsi4.o)
 .bss           0x0080008c        0x0 d:/my works/embedded systems/embedded systems nti/avr interfacing course/eng gerges resources/sdk_win_64/sdk_win_64/winavr/bin/../lib/gcc/avr/4.3.3/avr5\libgcc.a(_exit.o)
 .bss           0x0080008c        0x0 d:/my works/embedded systems/embedded systems nti/avr interfacing course/eng gerges resources/sdk_win_64/sdk_win_64/winavr/bin/../lib/gcc/avr/4.3.3/avr5\libgcc.a(_copy_data.o)
 .bss           0x0080008c        0x0 d:/my works/embedded systems/embedded systems nti/avr interfacing course/eng gerges resources/sdk_win_64/sdk_win_64/winavr/bin/../lib/gcc/avr/4.3.3/avr5\libgcc.a(_clear_bss.o)
 .bss           0x0080008c        0x0 d:/my works/embedded systems/embedded systems nti/avr interfacing course/eng gerges resources/sdk_win_64/sdk_win_64/winavr/bin/../lib/gcc/avr/4.3.3/avr5\libgcc.a(_fixunssfsi.o)
 .bss           0x0080008c        0x0 d:/my works/embedded systems/embedded systems nti/avr interfacing course/eng gerges resources/sdk_win_64/sdk_win_64/winavr/bin/../lib/gcc/avr/4.3.3/avr5\libgcc.a(_addsub_sf.o)
 .bss           0x0080008c        0x0 d:/my works/embedded systems/embedded systems nti/avr interfacing course/eng gerges resources/sdk_win_64/sdk_win_64/winavr/bin/../lib/gcc/avr/4.3.3/avr5\libgcc.a(_mul_sf.o)
 .bss           0x0080008c        0x0 d:/my works/embedded systems/embedded systems nti/avr interfacing course/eng gerges resources/sdk_win_64/sdk_win_64/winavr/bin/../lib/gcc/avr/4.3.3/avr5\libgcc.a(_gt_sf.o)
 .bss           0x0080008c        0x0 d:/my works/embedded systems/embedded systems nti/avr interfacing course/eng gerges resources/sdk_win_64/sdk_win_64/winavr/bin/../lib/gcc/avr/4.3.3/avr5\libgcc.a(_ge_sf.o)
 .bss           0x0080008c        0x0 d:/my works/embedded systems/embedded systems nti/avr interfacing course/eng gerges resources/sdk_win_64/sdk_win_64/winavr/bin/../lib/gcc/avr/4.3.3/avr5\libgcc.a(_lt_sf.o)
 .bss           0x0080008c        0x0 d:/my works/embedded systems/embedded systems nti/avr interfacing course/eng gerges resources/sdk_win_64/sdk_win_64/winavr/bin/../lib/gcc/avr/4.3.3/avr5\libgcc.a(_sf_to_si.o)
 .bss           0x0080008c        0x0 d:/my works/embedded systems/embedded systems nti/avr interfacing course/eng gerges resources/sdk_win_64/sdk_win_64/winavr/bin/../lib/gcc/avr/4.3.3/avr5\libgcc.a(_thenan_sf.o)
 .bss           0x0080008c        0x0 d:/my works/embedded systems/embedded systems nti/avr interfacing course/eng gerges resources/sdk_win_64/sdk_win_64/winavr/bin/../lib/gcc/avr/4.3.3/avr5\libgcc.a(_prologue.o)
 .bss           0x0080008c        0x0 d:/my works/embedded systems/embedded systems nti/avr interfacing course/eng gerges resources/sdk_win_64/sdk_win_64/winavr/bin/../lib/gcc/avr/4.3.3/avr5\libgcc.a(_epilogue.o)
 .bss           0x0080008c        0x0 d:/my works/embedded systems/embedded systems nti/avr interfacing course/eng gerges resources/sdk_win_64/sdk_win_64/winavr/bin/../lib/gcc/avr/4.3.3/avr5\libgcc.a(_pack_sf.o)
 .bss           0x0080008c        0x0 d:/my works/embedded systems/embedded systems nti/avr interfacing course/eng gerges resources/sdk_win_64/sdk_win_64/winavr/bin/../lib/gcc/avr/4.3.3/avr5\libgcc.a(_unpack_sf.o)
 .bss           0x0080008c        0x0 d:/my works/embedded systems/embedded systems nti/avr interfacing course/eng gerges resources/sdk_win_64/sdk_win_64/winavr/bin/../lib/gcc/avr/4.3.3/avr5\libgcc.a(_fpcmp_parts_sf.o)
 .bss           0x0080008c        0x0 d:/my works/embedded systems/embedded systems nti/avr interfacing course/eng gerges resources/sdk_win_64/sdk_win_64/winavr/bin/../lib/gcc/avr/4.3.3/../../../../avr/lib/avr5\libc.a(memcpy.o)
 .bss           0x0080008c        0x0 d:/my works/embedded systems/embedded systems nti/avr interfacing course/eng gerges resources/sdk_win_64/sdk_win_64/winavr/bin/../lib/gcc/avr/4.3.3/../../../../avr/lib/avr5\libc.a(memset.o)
 .bss           0x0080008c        0x0 d:/my works/embedded systems/embedded systems nti/avr interfacing course/eng gerges resources/sdk_win_64/sdk_win_64/winavr/bin/../lib/gcc/avr/4.3.3/../../../../avr/lib/avr5\libc.a(strncpy.o)
 *(.bss*)
 .bss.Glob_OverflowISR_Ptr
                0x0080008c        0x2 ./MCAL/MTIMER/MTIMER_Program.o
                0x0080008c                Glob_OverflowISR_Ptr
 .bss.Glob_CTC_ISR_Ptr
                0x0080008e        0x2 ./MCAL/MTIMER/MTIMER_Program.o
                0x0080008e                Glob_CTC_ISR_Ptr
 .bss.pxCurrentCoRoutine
                0x00800090        0x2 ./FreeRTOS_Stack/croutine.o
                0x00800090                pxCurrentCoRoutine
 .bss.uxTopCoRoutineReadyPriority
                0x00800092        0x1 ./FreeRTOS_Stack/croutine.o
 .bss.xCoRoutineTickCount
                0x00800093        0x2 ./FreeRTOS_Stack/croutine.o
 .bss.xLastTickCount
                0x00800095        0x2 ./FreeRTOS_Stack/croutine.o
 .bss.xPassedTicks
                0x00800097        0x2 ./FreeRTOS_Stack/croutine.o
 .bss.pxReadyCoRoutineLists
                0x00800099       0x12 ./FreeRTOS_Stack/croutine.o
 .bss.xDelayedCoRoutineList1
                0x008000ab        0x9 ./FreeRTOS_Stack/croutine.o
 .bss.xDelayedCoRoutineList2
                0x008000b4        0x9 ./FreeRTOS_Stack/croutine.o
 .bss.pxDelayedCoRoutineList
                0x008000bd        0x2 ./FreeRTOS_Stack/croutine.o
 .bss.pxOverflowDelayedCoRoutineList
                0x008000bf        0x2 ./FreeRTOS_Stack/croutine.o
 .bss.xPendingReadyCoRoutineList
                0x008000c1        0x9 ./FreeRTOS_Stack/croutine.o
 .bss.xNextFreeByte
                0x008000ca        0x2 ./FreeRTOS_Stack/heap_1.o
 .bss.xHeap     0x008000cc      0x3e8 ./FreeRTOS_Stack/heap_1.o
 .bss.pxCurrentTCB
                0x008004b4        0x2 ./FreeRTOS_Stack/tasks.o
                0x008004b4                pxCurrentTCB
 .bss.uxTasksDeleted
                0x008004b6        0x1 ./FreeRTOS_Stack/tasks.o
 .bss.uxCurrentNumberOfTasks
                0x008004b7        0x1 ./FreeRTOS_Stack/tasks.o
 .bss.xTickCount
                0x008004b8        0x2 ./FreeRTOS_Stack/tasks.o
 .bss.uxTopUsedPriority
                0x008004ba        0x1 ./FreeRTOS_Stack/tasks.o
 .bss.uxTopReadyPriority
                0x008004bb        0x1 ./FreeRTOS_Stack/tasks.o
 .bss.xSchedulerRunning
                0x008004bc        0x1 ./FreeRTOS_Stack/tasks.o
 .bss.uxSchedulerSuspended
                0x008004bd        0x1 ./FreeRTOS_Stack/tasks.o
 .bss.uxMissedTicks
                0x008004be        0x1 ./FreeRTOS_Stack/tasks.o
 .bss.xMissedYield
                0x008004bf        0x1 ./FreeRTOS_Stack/tasks.o
 .bss.xNumOfOverflows
                0x008004c0        0x1 ./FreeRTOS_Stack/tasks.o
 .bss.uxTaskNumber
                0x008004c1        0x1 ./FreeRTOS_Stack/tasks.o
 .bss.pxReadyTasksLists
                0x008004c2       0x2d ./FreeRTOS_Stack/tasks.o
 .bss.xDelayedTaskList1
                0x008004ef        0x9 ./FreeRTOS_Stack/tasks.o
 .bss.xDelayedTaskList2
                0x008004f8        0x9 ./FreeRTOS_Stack/tasks.o
 .bss.pxDelayedTaskList
                0x00800501        0x2 ./FreeRTOS_Stack/tasks.o
 .bss.pxOverflowDelayedTaskList
                0x00800503        0x2 ./FreeRTOS_Stack/tasks.o
 .bss.xPendingReadyList
                0x00800505        0x9 ./FreeRTOS_Stack/tasks.o
 .bss.xTasksWaitingTermination
                0x0080050e        0x9 ./FreeRTOS_Stack/tasks.o
 *(COMMON)
 COMMON         0x00800517        0x2 ./main.o
                0x00800517                LCD_Semphor
                0x00800519                PROVIDE (__bss_end, .)
                0x00004e52                __data_load_start = LOADADDR (.data)
                0x00004e7e                __data_load_end = (__data_load_start + SIZEOF (.data))

.noinit         0x00800519        0x0
                0x00800519                PROVIDE (__noinit_start, .)
 *(.noinit*)
                0x00800519                PROVIDE (__noinit_end, .)
                0x00800519                _end = .
                0x00800519                PROVIDE (__heap_start, .)

.eeprom         0x00810000        0x0
 *(.eeprom*)
                0x00810000                __eeprom_end = .

.fuse
 *(.fuse)
 *(.lfuse)
 *(.hfuse)
 *(.efuse)

.lock
 *(.lock*)

.signature
 *(.signature*)

.stab           0x00000000     0x69f0
 *(.stab)
 .stab          0x00000000      0x420 ./MCAL/MUSART/MUSART_Program.o
 .stab          0x00000420      0x42c ./MCAL/MTIMER/MTIMER_Program.o
                                0x438 (size before relaxing)
 .stab          0x0000084c      0x1b0 ./MCAL/MGIE/MGIE_Program.o
                                0x1bc (size before relaxing)
 .stab          0x000009fc      0x1e0 ./MCAL/MEXTI/MEXTI_Program.o
                                0x1ec (size before relaxing)
 .stab          0x00000bdc      0x75c ./MCAL/MDIO/MDIO_Program.o
                                0x768 (size before relaxing)
 .stab          0x00001338      0x264 ./MCAL/MADC/MADC_Program.o
                                0x270 (size before relaxing)
 .stab          0x0000159c      0x3cc ./HAL/HKPD/HKPD_Program.o
                                0x3d8 (size before relaxing)
 .stab          0x00001968      0xda4 ./HAL/HCLCD/HCLCD_Program.o
                                0xdb0 (size before relaxing)
 .stab          0x0000270c      0x9b4 ./FreeRTOS_Stack/croutine.o
                                0xb40 (size before relaxing)
 .stab          0x000030c0      0x354 ./FreeRTOS_Stack/heap_1.o
                                0x624 (size before relaxing)
 .stab          0x00003414      0x474 ./FreeRTOS_Stack/list.o
                                0x750 (size before relaxing)
 .stab          0x00003888      0x840 ./FreeRTOS_Stack/port.o
                                0xb70 (size before relaxing)
 .stab          0x000040c8      0xe94 ./FreeRTOS_Stack/queue.o
                               0x11d0 (size before relaxing)
 .stab          0x00004f5c     0x1578 ./FreeRTOS_Stack/tasks.o
                               0x17d0 (size before relaxing)
 .stab          0x000064d4      0x1c8 ./FreeRTOS_Stack/timers.o
                                0x4c8 (size before relaxing)
 .stab          0x0000669c      0x354 ./main.o
                                0x684 (size before relaxing)

.stabstr        0x00000000     0x3e8b
 *(.stabstr)
 .stabstr       0x00000000     0x3e8b ./MCAL/MUSART/MUSART_Program.o

.stab.excl
 *(.stab.excl)

.stab.exclstr
 *(.stab.exclstr)

.stab.index
 *(.stab.index)

.stab.indexstr
 *(.stab.indexstr)

.comment
 *(.comment)

.debug
 *(.debug)

.line
 *(.line)

.debug_srcinfo
 *(.debug_srcinfo)

.debug_sfnames
 *(.debug_sfnames)

.debug_aranges  0x00000000      0x140
 *(.debug_aranges)
 .debug_aranges
                0x00000000       0x20 d:/my works/embedded systems/embedded systems nti/avr interfacing course/eng gerges resources/sdk_win_64/sdk_win_64/winavr/bin/../lib/gcc/avr/4.3.3/avr5\libgcc.a(_fixunssfsi.o)
 .debug_aranges
                0x00000020       0x20 d:/my works/embedded systems/embedded systems nti/avr interfacing course/eng gerges resources/sdk_win_64/sdk_win_64/winavr/bin/../lib/gcc/avr/4.3.3/avr5\libgcc.a(_addsub_sf.o)
 .debug_aranges
                0x00000040       0x20 d:/my works/embedded systems/embedded systems nti/avr interfacing course/eng gerges resources/sdk_win_64/sdk_win_64/winavr/bin/../lib/gcc/avr/4.3.3/avr5\libgcc.a(_mul_sf.o)
 .debug_aranges
                0x00000060       0x20 d:/my works/embedded systems/embedded systems nti/avr interfacing course/eng gerges resources/sdk_win_64/sdk_win_64/winavr/bin/../lib/gcc/avr/4.3.3/avr5\libgcc.a(_gt_sf.o)
 .debug_aranges
                0x00000080       0x20 d:/my works/embedded systems/embedded systems nti/avr interfacing course/eng gerges resources/sdk_win_64/sdk_win_64/winavr/bin/../lib/gcc/avr/4.3.3/avr5\libgcc.a(_ge_sf.o)
 .debug_aranges
                0x000000a0       0x20 d:/my works/embedded systems/embedded systems nti/avr interfacing course/eng gerges resources/sdk_win_64/sdk_win_64/winavr/bin/../lib/gcc/avr/4.3.3/avr5\libgcc.a(_lt_sf.o)
 .debug_aranges
                0x000000c0       0x20 d:/my works/embedded systems/embedded systems nti/avr interfacing course/eng gerges resources/sdk_win_64/sdk_win_64/winavr/bin/../lib/gcc/avr/4.3.3/avr5\libgcc.a(_sf_to_si.o)
 .debug_aranges
                0x000000e0       0x20 d:/my works/embedded systems/embedded systems nti/avr interfacing course/eng gerges resources/sdk_win_64/sdk_win_64/winavr/bin/../lib/gcc/avr/4.3.3/avr5\libgcc.a(_pack_sf.o)
 .debug_aranges
                0x00000100       0x20 d:/my works/embedded systems/embedded systems nti/avr interfacing course/eng gerges resources/sdk_win_64/sdk_win_64/winavr/bin/../lib/gcc/avr/4.3.3/avr5\libgcc.a(_unpack_sf.o)
 .debug_aranges
                0x00000120       0x20 d:/my works/embedded systems/embedded systems nti/avr interfacing course/eng gerges resources/sdk_win_64/sdk_win_64/winavr/bin/../lib/gcc/avr/4.3.3/avr5\libgcc.a(_fpcmp_parts_sf.o)

.debug_pubnames
                0x00000000      0x170
 *(.debug_pubnames)
 .debug_pubnames
                0x00000000       0x23 d:/my works/embedded systems/embedded systems nti/avr interfacing course/eng gerges resources/sdk_win_64/sdk_win_64/winavr/bin/../lib/gcc/avr/4.3.3/avr5\libgcc.a(_fixunssfsi.o)
 .debug_pubnames
                0x00000023       0x2c d:/my works/embedded systems/embedded systems nti/avr interfacing course/eng gerges resources/sdk_win_64/sdk_win_64/winavr/bin/../lib/gcc/avr/4.3.3/avr5\libgcc.a(_addsub_sf.o)
 .debug_pubnames
                0x0000004f       0x1f d:/my works/embedded systems/embedded systems nti/avr interfacing course/eng gerges resources/sdk_win_64/sdk_win_64/winavr/bin/../lib/gcc/avr/4.3.3/avr5\libgcc.a(_mul_sf.o)
 .debug_pubnames
                0x0000006e       0x1e d:/my works/embedded systems/embedded systems nti/avr interfacing course/eng gerges resources/sdk_win_64/sdk_win_64/winavr/bin/../lib/gcc/avr/4.3.3/avr5\libgcc.a(_gt_sf.o)
 .debug_pubnames
                0x0000008c       0x1e d:/my works/embedded systems/embedded systems nti/avr interfacing course/eng gerges resources/sdk_win_64/sdk_win_64/winavr/bin/../lib/gcc/avr/4.3.3/avr5\libgcc.a(_ge_sf.o)
 .debug_pubnames
                0x000000aa       0x1e d:/my works/embedded systems/embedded systems nti/avr interfacing course/eng gerges resources/sdk_win_64/sdk_win_64/winavr/bin/../lib/gcc/avr/4.3.3/avr5\libgcc.a(_lt_sf.o)
 .debug_pubnames
                0x000000c8       0x20 d:/my works/embedded systems/embedded systems nti/avr interfacing course/eng gerges resources/sdk_win_64/sdk_win_64/winavr/bin/../lib/gcc/avr/4.3.3/avr5\libgcc.a(_sf_to_si.o)
 .debug_pubnames
                0x000000e8       0x22 d:/my works/embedded systems/embedded systems nti/avr interfacing course/eng gerges resources/sdk_win_64/sdk_win_64/winavr/bin/../lib/gcc/avr/4.3.3/avr5\libgcc.a(_thenan_sf.o)
 .debug_pubnames
                0x0000010a       0x1f d:/my works/embedded systems/embedded systems nti/avr interfacing course/eng gerges resources/sdk_win_64/sdk_win_64/winavr/bin/../lib/gcc/avr/4.3.3/avr5\libgcc.a(_pack_sf.o)
 .debug_pubnames
                0x00000129       0x21 d:/my works/embedded systems/embedded systems nti/avr interfacing course/eng gerges resources/sdk_win_64/sdk_win_64/winavr/bin/../lib/gcc/avr/4.3.3/avr5\libgcc.a(_unpack_sf.o)
 .debug_pubnames
                0x0000014a       0x26 d:/my works/embedded systems/embedded systems nti/avr interfacing course/eng gerges resources/sdk_win_64/sdk_win_64/winavr/bin/../lib/gcc/avr/4.3.3/avr5\libgcc.a(_fpcmp_parts_sf.o)

.debug_info     0x00000000     0x1c49
 *(.debug_info)
 .debug_info    0x00000000       0xb1 d:/my works/embedded systems/embedded systems nti/avr interfacing course/eng gerges resources/sdk_win_64/sdk_win_64/winavr/bin/../lib/gcc/avr/4.3.3/avr5\libgcc.a(_fixunssfsi.o)
 .debug_info    0x000000b1      0x47a d:/my works/embedded systems/embedded systems nti/avr interfacing course/eng gerges resources/sdk_win_64/sdk_win_64/winavr/bin/../lib/gcc/avr/4.3.3/avr5\libgcc.a(_addsub_sf.o)
 .debug_info    0x0000052b      0x485 d:/my works/embedded systems/embedded systems nti/avr interfacing course/eng gerges resources/sdk_win_64/sdk_win_64/winavr/bin/../lib/gcc/avr/4.3.3/avr5\libgcc.a(_mul_sf.o)
 .debug_info    0x000009b0      0x27f d:/my works/embedded systems/embedded systems nti/avr interfacing course/eng gerges resources/sdk_win_64/sdk_win_64/winavr/bin/../lib/gcc/avr/4.3.3/avr5\libgcc.a(_gt_sf.o)
 .debug_info    0x00000c2f      0x27f d:/my works/embedded systems/embedded systems nti/avr interfacing course/eng gerges resources/sdk_win_64/sdk_win_64/winavr/bin/../lib/gcc/avr/4.3.3/avr5\libgcc.a(_ge_sf.o)
 .debug_info    0x00000eae      0x27f d:/my works/embedded systems/embedded systems nti/avr interfacing course/eng gerges resources/sdk_win_64/sdk_win_64/winavr/bin/../lib/gcc/avr/4.3.3/avr5\libgcc.a(_lt_sf.o)
 .debug_info    0x0000112d      0x2b0 d:/my works/embedded systems/embedded systems nti/avr interfacing course/eng gerges resources/sdk_win_64/sdk_win_64/winavr/bin/../lib/gcc/avr/4.3.3/avr5\libgcc.a(_sf_to_si.o)
 .debug_info    0x000013dd      0x12c d:/my works/embedded systems/embedded systems nti/avr interfacing course/eng gerges resources/sdk_win_64/sdk_win_64/winavr/bin/../lib/gcc/avr/4.3.3/avr5\libgcc.a(_thenan_sf.o)
 .debug_info    0x00001509      0x2df d:/my works/embedded systems/embedded systems nti/avr interfacing course/eng gerges resources/sdk_win_64/sdk_win_64/winavr/bin/../lib/gcc/avr/4.3.3/avr5\libgcc.a(_pack_sf.o)
 .debug_info    0x000017e8      0x251 d:/my works/embedded systems/embedded systems nti/avr interfacing course/eng gerges resources/sdk_win_64/sdk_win_64/winavr/bin/../lib/gcc/avr/4.3.3/avr5\libgcc.a(_unpack_sf.o)
 .debug_info    0x00001a39      0x210 d:/my works/embedded systems/embedded systems nti/avr interfacing course/eng gerges resources/sdk_win_64/sdk_win_64/winavr/bin/../lib/gcc/avr/4.3.3/avr5\libgcc.a(_fpcmp_parts_sf.o)
 *(.gnu.linkonce.wi.*)

.debug_abbrev   0x00000000      0xeeb
 *(.debug_abbrev)
 .debug_abbrev  0x00000000       0x5d d:/my works/embedded systems/embedded systems nti/avr interfacing course/eng gerges resources/sdk_win_64/sdk_win_64/winavr/bin/../lib/gcc/avr/4.3.3/avr5\libgcc.a(_fixunssfsi.o)
 .debug_abbrev  0x0000005d      0x1ea d:/my works/embedded systems/embedded systems nti/avr interfacing course/eng gerges resources/sdk_win_64/sdk_win_64/winavr/bin/../lib/gcc/avr/4.3.3/avr5\libgcc.a(_addsub_sf.o)
 .debug_abbrev  0x00000247      0x21b d:/my works/embedded systems/embedded systems nti/avr interfacing course/eng gerges resources/sdk_win_64/sdk_win_64/winavr/bin/../lib/gcc/avr/4.3.3/avr5\libgcc.a(_mul_sf.o)
 .debug_abbrev  0x00000462      0x15a d:/my works/embedded systems/embedded systems nti/avr interfacing course/eng gerges resources/sdk_win_64/sdk_win_64/winavr/bin/../lib/gcc/avr/4.3.3/avr5\libgcc.a(_gt_sf.o)
 .debug_abbrev  0x000005bc      0x15a d:/my works/embedded systems/embedded systems nti/avr interfacing course/eng gerges resources/sdk_win_64/sdk_win_64/winavr/bin/../lib/gcc/avr/4.3.3/avr5\libgcc.a(_ge_sf.o)
 .debug_abbrev  0x00000716      0x15a d:/my works/embedded systems/embedded systems nti/avr interfacing course/eng gerges resources/sdk_win_64/sdk_win_64/winavr/bin/../lib/gcc/avr/4.3.3/avr5\libgcc.a(_lt_sf.o)
 .debug_abbrev  0x00000870      0x17f d:/my works/embedded systems/embedded systems nti/avr interfacing course/eng gerges resources/sdk_win_64/sdk_win_64/winavr/bin/../lib/gcc/avr/4.3.3/avr5\libgcc.a(_sf_to_si.o)
 .debug_abbrev  0x000009ef       0xad d:/my works/embedded systems/embedded systems nti/avr interfacing course/eng gerges resources/sdk_win_64/sdk_win_64/winavr/bin/../lib/gcc/avr/4.3.3/avr5\libgcc.a(_thenan_sf.o)
 .debug_abbrev  0x00000a9c      0x1c0 d:/my works/embedded systems/embedded systems nti/avr interfacing course/eng gerges resources/sdk_win_64/sdk_win_64/winavr/bin/../lib/gcc/avr/4.3.3/avr5\libgcc.a(_pack_sf.o)
 .debug_abbrev  0x00000c5c      0x154 d:/my works/embedded systems/embedded systems nti/avr interfacing course/eng gerges resources/sdk_win_64/sdk_win_64/winavr/bin/../lib/gcc/avr/4.3.3/avr5\libgcc.a(_unpack_sf.o)
 .debug_abbrev  0x00000db0      0x13b d:/my works/embedded systems/embedded systems nti/avr interfacing course/eng gerges resources/sdk_win_64/sdk_win_64/winavr/bin/../lib/gcc/avr/4.3.3/avr5\libgcc.a(_fpcmp_parts_sf.o)

.debug_line     0x00000000      0xdad
 *(.debug_line)
 .debug_line    0x00000000       0xa7 d:/my works/embedded systems/embedded systems nti/avr interfacing course/eng gerges resources/sdk_win_64/sdk_win_64/winavr/bin/../lib/gcc/avr/4.3.3/avr5\libgcc.a(_fixunssfsi.o)
 .debug_line    0x000000a7      0x2af d:/my works/embedded systems/embedded systems nti/avr interfacing course/eng gerges resources/sdk_win_64/sdk_win_64/winavr/bin/../lib/gcc/avr/4.3.3/avr5\libgcc.a(_addsub_sf.o)
 .debug_line    0x00000356      0x239 d:/my works/embedded systems/embedded systems nti/avr interfacing course/eng gerges resources/sdk_win_64/sdk_win_64/winavr/bin/../lib/gcc/avr/4.3.3/avr5\libgcc.a(_mul_sf.o)
 .debug_line    0x0000058f       0xd3 d:/my works/embedded systems/embedded systems nti/avr interfacing course/eng gerges resources/sdk_win_64/sdk_win_64/winavr/bin/../lib/gcc/avr/4.3.3/avr5\libgcc.a(_gt_sf.o)
 .debug_line    0x00000662       0xd3 d:/my works/embedded systems/embedded systems nti/avr interfacing course/eng gerges resources/sdk_win_64/sdk_win_64/winavr/bin/../lib/gcc/avr/4.3.3/avr5\libgcc.a(_ge_sf.o)
 .debug_line    0x00000735       0xd3 d:/my works/embedded systems/embedded systems nti/avr interfacing course/eng gerges resources/sdk_win_64/sdk_win_64/winavr/bin/../lib/gcc/avr/4.3.3/avr5\libgcc.a(_lt_sf.o)
 .debug_line    0x00000808      0x109 d:/my works/embedded systems/embedded systems nti/avr interfacing course/eng gerges resources/sdk_win_64/sdk_win_64/winavr/bin/../lib/gcc/avr/4.3.3/avr5\libgcc.a(_sf_to_si.o)
 .debug_line    0x00000911       0x90 d:/my works/embedded systems/embedded systems nti/avr interfacing course/eng gerges resources/sdk_win_64/sdk_win_64/winavr/bin/../lib/gcc/avr/4.3.3/avr5\libgcc.a(_thenan_sf.o)
 .debug_line    0x000009a1      0x18a d:/my works/embedded systems/embedded systems nti/avr interfacing course/eng gerges resources/sdk_win_64/sdk_win_64/winavr/bin/../lib/gcc/avr/4.3.3/avr5\libgcc.a(_pack_sf.o)
 .debug_line    0x00000b2b      0x14b d:/my works/embedded systems/embedded systems nti/avr interfacing course/eng gerges resources/sdk_win_64/sdk_win_64/winavr/bin/../lib/gcc/avr/4.3.3/avr5\libgcc.a(_unpack_sf.o)
 .debug_line    0x00000c76      0x137 d:/my works/embedded systems/embedded systems nti/avr interfacing course/eng gerges resources/sdk_win_64/sdk_win_64/winavr/bin/../lib/gcc/avr/4.3.3/avr5\libgcc.a(_fpcmp_parts_sf.o)

.debug_frame    0x00000000      0x160
 *(.debug_frame)
 .debug_frame   0x00000000       0x20 d:/my works/embedded systems/embedded systems nti/avr interfacing course/eng gerges resources/sdk_win_64/sdk_win_64/winavr/bin/../lib/gcc/avr/4.3.3/avr5\libgcc.a(_fixunssfsi.o)
 .debug_frame   0x00000020       0x40 d:/my works/embedded systems/embedded systems nti/avr interfacing course/eng gerges resources/sdk_win_64/sdk_win_64/winavr/bin/../lib/gcc/avr/4.3.3/avr5\libgcc.a(_addsub_sf.o)
 .debug_frame   0x00000060       0x20 d:/my works/embedded systems/embedded systems nti/avr interfacing course/eng gerges resources/sdk_win_64/sdk_win_64/winavr/bin/../lib/gcc/avr/4.3.3/avr5\libgcc.a(_mul_sf.o)
 .debug_frame   0x00000080       0x20 d:/my works/embedded systems/embedded systems nti/avr interfacing course/eng gerges resources/sdk_win_64/sdk_win_64/winavr/bin/../lib/gcc/avr/4.3.3/avr5\libgcc.a(_gt_sf.o)
 .debug_frame   0x000000a0       0x20 d:/my works/embedded systems/embedded systems nti/avr interfacing course/eng gerges resources/sdk_win_64/sdk_win_64/winavr/bin/../lib/gcc/avr/4.3.3/avr5\libgcc.a(_ge_sf.o)
 .debug_frame   0x000000c0       0x20 d:/my works/embedded systems/embedded systems nti/avr interfacing course/eng gerges resources/sdk_win_64/sdk_win_64/winavr/bin/../lib/gcc/avr/4.3.3/avr5\libgcc.a(_lt_sf.o)
 .debug_frame   0x000000e0       0x20 d:/my works/embedded systems/embedded systems nti/avr interfacing course/eng gerges resources/sdk_win_64/sdk_win_64/winavr/bin/../lib/gcc/avr/4.3.3/avr5\libgcc.a(_sf_to_si.o)
 .debug_frame   0x00000100       0x20 d:/my works/embedded systems/embedded systems nti/avr interfacing course/eng gerges resources/sdk_win_64/sdk_win_64/winavr/bin/../lib/gcc/avr/4.3.3/avr5\libgcc.a(_pack_sf.o)
 .debug_frame   0x00000120       0x20 d:/my works/embedded systems/embedded systems nti/avr interfacing course/eng gerges resources/sdk_win_64/sdk_win_64/winavr/bin/../lib/gcc/avr/4.3.3/avr5\libgcc.a(_unpack_sf.o)
 .debug_frame   0x00000140       0x20 d:/my works/embedded systems/embedded systems nti/avr interfacing course/eng gerges resources/sdk_win_64/sdk_win_64/winavr/bin/../lib/gcc/avr/4.3.3/avr5\libgcc.a(_fpcmp_parts_sf.o)

.debug_str      0x00000000      0x28d
 *(.debug_str)
 .debug_str     0x00000000       0xbf d:/my works/embedded systems/embedded systems nti/avr interfacing course/eng gerges resources/sdk_win_64/sdk_win_64/winavr/bin/../lib/gcc/avr/4.3.3/avr5\libgcc.a(_fixunssfsi.o)
                                 0xfe (size before relaxing)
 .debug_str     0x000000bf      0x14d d:/my works/embedded systems/embedded systems nti/avr interfacing course/eng gerges resources/sdk_win_64/sdk_win_64/winavr/bin/../lib/gcc/avr/4.3.3/avr5\libgcc.a(_addsub_sf.o)
                                0x206 (size before relaxing)
 .debug_str     0x0000020c       0x27 d:/my works/embedded systems/embedded systems nti/avr interfacing course/eng gerges resources/sdk_win_64/sdk_win_64/winavr/bin/../lib/gcc/avr/4.3.3/avr5\libgcc.a(_mul_sf.o)
                                0x1bf (size before relaxing)
 .debug_str     0x00000233        0xf d:/my works/embedded systems/embedded systems nti/avr interfacing course/eng gerges resources/sdk_win_64/sdk_win_64/winavr/bin/../lib/gcc/avr/4.3.3/avr5\libgcc.a(_gt_sf.o)
                                0x195 (size before relaxing)
 .debug_str     0x00000242        0x8 d:/my works/embedded systems/embedded systems nti/avr interfacing course/eng gerges resources/sdk_win_64/sdk_win_64/winavr/bin/../lib/gcc/avr/4.3.3/avr5\libgcc.a(_ge_sf.o)
                                0x195 (size before relaxing)
 .debug_str     0x0000024a        0x8 d:/my works/embedded systems/embedded systems nti/avr interfacing course/eng gerges resources/sdk_win_64/sdk_win_64/winavr/bin/../lib/gcc/avr/4.3.3/avr5\libgcc.a(_lt_sf.o)
                                0x195 (size before relaxing)
 .debug_str     0x00000252        0xa d:/my works/embedded systems/embedded systems nti/avr interfacing course/eng gerges resources/sdk_win_64/sdk_win_64/winavr/bin/../lib/gcc/avr/4.3.3/avr5\libgcc.a(_sf_to_si.o)
                                0x19e (size before relaxing)
 .debug_str     0x00000000      0x103 d:/my works/embedded systems/embedded systems nti/avr interfacing course/eng gerges resources/sdk_win_64/sdk_win_64/winavr/bin/../lib/gcc/avr/4.3.3/avr5\libgcc.a(_thenan_sf.o)
 .debug_str     0x0000025c       0x16 d:/my works/embedded systems/embedded systems nti/avr interfacing course/eng gerges resources/sdk_win_64/sdk_win_64/winavr/bin/../lib/gcc/avr/4.3.3/avr5\libgcc.a(_pack_sf.o)
                                0x19d (size before relaxing)
 .debug_str     0x00000272        0xb d:/my works/embedded systems/embedded systems nti/avr interfacing course/eng gerges resources/sdk_win_64/sdk_win_64/winavr/bin/../lib/gcc/avr/4.3.3/avr5\libgcc.a(_unpack_sf.o)
                                0x17f (size before relaxing)
 .debug_str     0x0000027d       0x10 d:/my works/embedded systems/embedded systems nti/avr interfacing course/eng gerges resources/sdk_win_64/sdk_win_64/winavr/bin/../lib/gcc/avr/4.3.3/avr5\libgcc.a(_fpcmp_parts_sf.o)
                                0x163 (size before relaxing)

.debug_loc      0x00000000      0x7ce
 *(.debug_loc)
 .debug_loc     0x00000000       0x34 d:/my works/embedded systems/embedded systems nti/avr interfacing course/eng gerges resources/sdk_win_64/sdk_win_64/winavr/bin/../lib/gcc/avr/4.3.3/avr5\libgcc.a(_fixunssfsi.o)
 .debug_loc     0x00000034      0x32a d:/my works/embedded systems/embedded systems nti/avr interfacing course/eng gerges resources/sdk_win_64/sdk_win_64/winavr/bin/../lib/gcc/avr/4.3.3/avr5\libgcc.a(_addsub_sf.o)
 .debug_loc     0x0000035e      0x104 d:/my works/embedded systems/embedded systems nti/avr interfacing course/eng gerges resources/sdk_win_64/sdk_win_64/winavr/bin/../lib/gcc/avr/4.3.3/avr5\libgcc.a(_mul_sf.o)
 .debug_loc     0x00000462       0x3c d:/my works/embedded systems/embedded systems nti/avr interfacing course/eng gerges resources/sdk_win_64/sdk_win_64/winavr/bin/../lib/gcc/avr/4.3.3/avr5\libgcc.a(_gt_sf.o)
 .debug_loc     0x0000049e       0x3c d:/my works/embedded systems/embedded systems nti/avr interfacing course/eng gerges resources/sdk_win_64/sdk_win_64/winavr/bin/../lib/gcc/avr/4.3.3/avr5\libgcc.a(_ge_sf.o)
 .debug_loc     0x000004da       0x3c d:/my works/embedded systems/embedded systems nti/avr interfacing course/eng gerges resources/sdk_win_64/sdk_win_64/winavr/bin/../lib/gcc/avr/4.3.3/avr5\libgcc.a(_lt_sf.o)
 .debug_loc     0x00000516       0x7e d:/my works/embedded systems/embedded systems nti/avr interfacing course/eng gerges resources/sdk_win_64/sdk_win_64/winavr/bin/../lib/gcc/avr/4.3.3/avr5\libgcc.a(_sf_to_si.o)
 .debug_loc     0x00000594      0x13e d:/my works/embedded systems/embedded systems nti/avr interfacing course/eng gerges resources/sdk_win_64/sdk_win_64/winavr/bin/../lib/gcc/avr/4.3.3/avr5\libgcc.a(_pack_sf.o)
 .debug_loc     0x000006d2       0xac d:/my works/embedded systems/embedded systems nti/avr interfacing course/eng gerges resources/sdk_win_64/sdk_win_64/winavr/bin/../lib/gcc/avr/4.3.3/avr5\libgcc.a(_unpack_sf.o)
 .debug_loc     0x0000077e       0x50 d:/my works/embedded systems/embedded systems nti/avr interfacing course/eng gerges resources/sdk_win_64/sdk_win_64/winavr/bin/../lib/gcc/avr/4.3.3/avr5\libgcc.a(_fpcmp_parts_sf.o)

.debug_macinfo
 *(.debug_macinfo)
OUTPUT(FreeRTOS_Session4_SEMAPHOR.elf elf32-avr)
LOAD linker stubs

.debug_ranges   0x00000000       0x50
 .debug_ranges  0x00000000       0x50 d:/my works/embedded systems/embedded systems nti/avr interfacing course/eng gerges resources/sdk_win_64/sdk_win_64/winavr/bin/../lib/gcc/avr/4.3.3/avr5\libgcc.a(_mul_sf.o)
