Archive member included because of file (symbol)

c:/users/ismail/downloads/amit/sdk_win_64/sdk_win_64/winavr/bin/../lib/gcc/avr/4.3.3/avr5\libgcc.a(_udivmodhi4.o)
                              ./main.o (__udivmodhi4)
c:/users/ismail/downloads/amit/sdk_win_64/sdk_win_64/winavr/bin/../lib/gcc/avr/4.3.3/avr5\libgcc.a(_udivmodsi4.o)
                              ./MCAL/MTIMER/MTIMER_Program.o (__udivmodsi4)
c:/users/ismail/downloads/amit/sdk_win_64/sdk_win_64/winavr/bin/../lib/gcc/avr/4.3.3/avr5\libgcc.a(_exit.o)
                              c:/users/ismail/downloads/amit/sdk_win_64/sdk_win_64/winavr/bin/../lib/gcc/avr/4.3.3/../../../../avr/lib/avr5/crtm32.o (exit)
c:/users/ismail/downloads/amit/sdk_win_64/sdk_win_64/winavr/bin/../lib/gcc/avr/4.3.3/avr5\libgcc.a(_copy_data.o)
                              ./HAL/HKPD/HKPD_Program.o (__do_copy_data)
c:/users/ismail/downloads/amit/sdk_win_64/sdk_win_64/winavr/bin/../lib/gcc/avr/4.3.3/avr5\libgcc.a(_clear_bss.o)
                              ./MCAL/MTIMER/MTIMER_Program.o (__do_clear_bss)
c:/users/ismail/downloads/amit/sdk_win_64/sdk_win_64/winavr/bin/../lib/gcc/avr/4.3.3/../../../../avr/lib/avr5\libc.a(memcpy.o)
                              ./FreeRTOS_Stack/queue.o (memcpy)
c:/users/ismail/downloads/amit/sdk_win_64/sdk_win_64/winavr/bin/../lib/gcc/avr/4.3.3/../../../../avr/lib/avr5\libc.a(memset.o)
                              ./FreeRTOS_Stack/tasks.o (memset)
c:/users/ismail/downloads/amit/sdk_win_64/sdk_win_64/winavr/bin/../lib/gcc/avr/4.3.3/../../../../avr/lib/avr5\libc.a(strncpy.o)
                              ./FreeRTOS_Stack/tasks.o (strncpy)

Allocating common symbols
Common symbol       size              file

LCD_Semphor         0x2               ./main.o

Memory Configuration

Name             Origin             Length             Attributes
text             0x00000000         0x00020000         xr
data             0x00800060         0x0000ffa0         rw !x
eeprom           0x00810000         0x00010000         rw !x
fuse             0x00820000         0x00000400         rw !x
lock             0x00830000         0x00000400         rw !x
signature        0x00840000         0x00000400         rw !x
*default*        0x00000000         0xffffffff

Linker script and memory map

LOAD c:/users/ismail/downloads/amit/sdk_win_64/sdk_win_64/winavr/bin/../lib/gcc/avr/4.3.3/../../../../avr/lib/avr5/crtm32.o
LOAD ./MCAL/MUSART/MUSART_Program.o
LOAD ./MCAL/MTIMER/MTIMER_Program.o
LOAD ./MCAL/MGIE/MGIE_Program.o
LOAD ./MCAL/MEXTI/MEXTI_Program.o
LOAD ./MCAL/MDIO/MDIO_Program.o
LOAD ./MCAL/MADC/MADC_Program.o
LOAD ./HAL/HKPD/HKPD_Program.o
LOAD ./HAL/HCLCD/HCLCD_Program.o
LOAD ./FreeRTOS_Stack/croutine.o
LOAD ./FreeRTOS_Stack/heap_1.o
LOAD ./FreeRTOS_Stack/list.o
LOAD ./FreeRTOS_Stack/port.o
LOAD ./FreeRTOS_Stack/queue.o
LOAD ./FreeRTOS_Stack/tasks.o
LOAD ./FreeRTOS_Stack/timers.o
LOAD ./main.o
LOAD c:/users/ismail/downloads/amit/sdk_win_64/sdk_win_64/winavr/bin/../lib/gcc/avr/4.3.3/avr5\libgcc.a
LOAD c:/users/ismail/downloads/amit/sdk_win_64/sdk_win_64/winavr/bin/../lib/gcc/avr/4.3.3/../../../../avr/lib/avr5\libc.a
LOAD c:/users/ismail/downloads/amit/sdk_win_64/sdk_win_64/winavr/bin/../lib/gcc/avr/4.3.3/avr5\libgcc.a

.hash
 *(.hash)

.dynsym
 *(.dynsym)

.dynstr
 *(.dynstr)

.gnu.version
 *(.gnu.version)

.gnu.version_d
 *(.gnu.version_d)

.gnu.version_r
 *(.gnu.version_r)

.rel.init
 *(.rel.init)

.rela.init
 *(.rela.init)

.rel.text
 *(.rel.text)
 *(.rel.text.*)
 *(.rel.gnu.linkonce.t*)

.rela.text
 *(.rela.text)
 *(.rela.text.*)
 *(.rela.gnu.linkonce.t*)

.rel.fini
 *(.rel.fini)

.rela.fini
 *(.rela.fini)

.rel.rodata
 *(.rel.rodata)
 *(.rel.rodata.*)
 *(.rel.gnu.linkonce.r*)

.rela.rodata
 *(.rela.rodata)
 *(.rela.rodata.*)
 *(.rela.gnu.linkonce.r*)

.rel.data
 *(.rel.data)
 *(.rel.data.*)
 *(.rel.gnu.linkonce.d*)

.rela.data
 *(.rela.data)
 *(.rela.data.*)
 *(.rela.gnu.linkonce.d*)

.rel.ctors
 *(.rel.ctors)

.rela.ctors
 *(.rela.ctors)

.rel.dtors
 *(.rel.dtors)

.rela.dtors
 *(.rela.dtors)

.rel.got
 *(.rel.got)

.rela.got
 *(.rela.got)

.rel.bss
 *(.rel.bss)

.rela.bss
 *(.rela.bss)

.rel.plt
 *(.rel.plt)

.rela.plt
 *(.rela.plt)

.text           0x00000000     0x3c60
 *(.vectors)
 .vectors       0x00000000       0x54 c:/users/ismail/downloads/amit/sdk_win_64/sdk_win_64/winavr/bin/../lib/gcc/avr/4.3.3/../../../../avr/lib/avr5/crtm32.o
                0x00000000                __vectors
                0x00000000                __vector_default
 *(.vectors)
 *(.progmem.gcc*)
 *(.progmem*)
                0x00000054                . = ALIGN (0x2)
                0x00000054                __trampolines_start = .
 *(.trampolines)
 .trampolines   0x00000054        0x0 linker stubs
 *(.trampolines*)
                0x00000054                __trampolines_end = .
 *(.jumptables)
 *(.jumptables*)
 *(.lowtext)
 *(.lowtext*)
                0x00000054                __ctors_start = .
 *(.ctors)
                0x00000054                __ctors_end = .
                0x00000054                __dtors_start = .
 *(.dtors)
                0x00000054                __dtors_end = .
 SORT(*)(.ctors)
 SORT(*)(.dtors)
 *(.init0)
 .init0         0x00000054        0x0 c:/users/ismail/downloads/amit/sdk_win_64/sdk_win_64/winavr/bin/../lib/gcc/avr/4.3.3/../../../../avr/lib/avr5/crtm32.o
                0x00000054                __init
 *(.init0)
 *(.init1)
 *(.init1)
 *(.init2)
 .init2         0x00000054        0xc c:/users/ismail/downloads/amit/sdk_win_64/sdk_win_64/winavr/bin/../lib/gcc/avr/4.3.3/../../../../avr/lib/avr5/crtm32.o
 *(.init2)
 *(.init3)
 *(.init3)
 *(.init4)
 .init4         0x00000060       0x16 c:/users/ismail/downloads/amit/sdk_win_64/sdk_win_64/winavr/bin/../lib/gcc/avr/4.3.3/avr5\libgcc.a(_copy_data.o)
                0x00000060                __do_copy_data
 .init4         0x00000076       0x10 c:/users/ismail/downloads/amit/sdk_win_64/sdk_win_64/winavr/bin/../lib/gcc/avr/4.3.3/avr5\libgcc.a(_clear_bss.o)
                0x00000076                __do_clear_bss
 *(.init4)
 *(.init5)
 *(.init5)
 *(.init6)
 *(.init6)
 *(.init7)
 *(.init7)
 *(.init8)
 *(.init8)
 *(.init9)
 .init9         0x00000086        0x8 c:/users/ismail/downloads/amit/sdk_win_64/sdk_win_64/winavr/bin/../lib/gcc/avr/4.3.3/../../../../avr/lib/avr5/crtm32.o
 *(.init9)
 *(.text)
 .text          0x0000008e        0x4 c:/users/ismail/downloads/amit/sdk_win_64/sdk_win_64/winavr/bin/../lib/gcc/avr/4.3.3/../../../../avr/lib/avr5/crtm32.o
                0x0000008e                __vector_1
                0x0000008e                __vector_12
                0x0000008e                __bad_interrupt
                0x0000008e                __vector_6
                0x0000008e                __vector_3
                0x0000008e                __vector_13
                0x0000008e                __vector_17
                0x0000008e                __vector_19
                0x0000008e                __vector_5
                0x0000008e                __vector_4
                0x0000008e                __vector_9
                0x0000008e                __vector_2
                0x0000008e                __vector_15
                0x0000008e                __vector_8
                0x0000008e                __vector_14
                0x0000008e                __vector_16
                0x0000008e                __vector_18
                0x0000008e                __vector_20
 .text          0x00000092        0x0 ./MCAL/MUSART/MUSART_Program.o
 .text          0x00000092        0x0 ./MCAL/MTIMER/MTIMER_Program.o
 .text          0x00000092        0x0 ./MCAL/MGIE/MGIE_Program.o
 .text          0x00000092        0x0 ./MCAL/MEXTI/MEXTI_Program.o
 .text          0x00000092        0x0 ./MCAL/MDIO/MDIO_Program.o
 .text          0x00000092        0x0 ./MCAL/MADC/MADC_Program.o
 .text          0x00000092        0x0 ./HAL/HKPD/HKPD_Program.o
 .text          0x00000092        0x0 ./HAL/HCLCD/HCLCD_Program.o
 .text          0x00000092        0x0 ./FreeRTOS_Stack/croutine.o
 .text          0x00000092        0x0 ./FreeRTOS_Stack/heap_1.o
 .text          0x00000092        0x0 ./FreeRTOS_Stack/list.o
 .text          0x00000092        0x0 ./FreeRTOS_Stack/port.o
 .text          0x00000092        0x0 ./FreeRTOS_Stack/queue.o
 .text          0x00000092        0x0 ./FreeRTOS_Stack/tasks.o
 .text          0x00000092        0x0 ./FreeRTOS_Stack/timers.o
 .text          0x00000092        0x0 ./main.o
 .text          0x00000092        0x0 c:/users/ismail/downloads/amit/sdk_win_64/sdk_win_64/winavr/bin/../lib/gcc/avr/4.3.3/avr5\libgcc.a(_udivmodhi4.o)
 .text          0x00000092        0x0 c:/users/ismail/downloads/amit/sdk_win_64/sdk_win_64/winavr/bin/../lib/gcc/avr/4.3.3/avr5\libgcc.a(_udivmodsi4.o)
 .text          0x00000092        0x0 c:/users/ismail/downloads/amit/sdk_win_64/sdk_win_64/winavr/bin/../lib/gcc/avr/4.3.3/avr5\libgcc.a(_exit.o)
 .text          0x00000092        0x0 c:/users/ismail/downloads/amit/sdk_win_64/sdk_win_64/winavr/bin/../lib/gcc/avr/4.3.3/avr5\libgcc.a(_copy_data.o)
 .text          0x00000092        0x0 c:/users/ismail/downloads/amit/sdk_win_64/sdk_win_64/winavr/bin/../lib/gcc/avr/4.3.3/avr5\libgcc.a(_clear_bss.o)
 .text          0x00000092        0x0 c:/users/ismail/downloads/amit/sdk_win_64/sdk_win_64/winavr/bin/../lib/gcc/avr/4.3.3/../../../../avr/lib/avr5\libc.a(memcpy.o)
 .text          0x00000092        0x0 c:/users/ismail/downloads/amit/sdk_win_64/sdk_win_64/winavr/bin/../lib/gcc/avr/4.3.3/../../../../avr/lib/avr5\libc.a(memset.o)
 .text          0x00000092        0x0 c:/users/ismail/downloads/amit/sdk_win_64/sdk_win_64/winavr/bin/../lib/gcc/avr/4.3.3/../../../../avr/lib/avr5\libc.a(strncpy.o)
                0x00000092                . = ALIGN (0x2)
 *(.text.*)
 .text.MUSART_Init
                0x00000092       0x94 ./MCAL/MUSART/MUSART_Program.o
                0x00000092                MUSART_Init
 .text.MUSART_SendChar
                0x00000126       0x34 ./MCAL/MUSART/MUSART_Program.o
                0x00000126                MUSART_SendChar
 .text.MUSART_ReceiveChar
                0x0000015a       0x1e ./MCAL/MUSART/MUSART_Program.o
                0x0000015a                MUSART_ReceiveChar
 .text.MUSART_SendString
                0x00000178       0x52 ./MCAL/MUSART/MUSART_Program.o
                0x00000178                MUSART_SendString
 .text.MUSART_ReceiveString
                0x000001ca       0x5c ./MCAL/MUSART/MUSART_Program.o
                0x000001ca                MUSART_ReceiveString
 .text.MTIMER0_Init
                0x00000226       0x7e ./MCAL/MTIMER/MTIMER_Program.o
                0x00000226                MTIMER0_Init
 .text.MTIMER0_SetPreload
                0x000002a4       0x1c ./MCAL/MTIMER/MTIMER_Program.o
                0x000002a4                MTIMER0_SetPreload
 .text.MTIMER0_SetCTC
                0x000002c0       0x1c ./MCAL/MTIMER/MTIMER_Program.o
                0x000002c0                MTIMER0_SetCTC
 .text.MTIMER0_OVERFLOW_CALLBACK
                0x000002dc       0x38 ./MCAL/MTIMER/MTIMER_Program.o
                0x000002dc                MTIMER0_OVERFLOW_CALLBACK
 .text.MTIMER0_CTC_CALLBACK
                0x00000314       0x38 ./MCAL/MTIMER/MTIMER_Program.o
                0x00000314                MTIMER0_CTC_CALLBACK
 .text.MTIMER0_SetDutyCycle
                0x0000034c       0x64 ./MCAL/MTIMER/MTIMER_Program.o
                0x0000034c                MTIMER0_SetDutyCycle
 .text.__vector_10
                0x000003b0       0x66 ./MCAL/MTIMER/MTIMER_Program.o
                0x000003b0                __vector_10
 .text.__vector_11
                0x00000416       0x66 ./MCAL/MTIMER/MTIMER_Program.o
                0x00000416                __vector_11
 .text.MGIE_Enable
                0x0000047c       0x1c ./MCAL/MGIE/MGIE_Program.o
                0x0000047c                MGIE_Enable
 .text.MGIE_Disable
                0x00000498       0x1c ./MCAL/MGIE/MGIE_Program.o
                0x00000498                MGIE_Disable
 .text.MEXTI0_Init
                0x000004b4       0x38 ./MCAL/MEXTI/MEXTI_Program.o
                0x000004b4                MEXTI0_Init
 .text.MEXTI1_Init
                0x000004ec        0xe ./MCAL/MEXTI/MEXTI_Program.o
                0x000004ec                MEXTI1_Init
 .text.MEXTI2_Init
                0x000004fa        0xe ./MCAL/MEXTI/MEXTI_Program.o
                0x000004fa                MEXTI2_Init
 .text.MDIO_SetPortDirection
                0x00000508       0x8e ./MCAL/MDIO/MDIO_Program.o
                0x00000508                MDIO_SetPortDirection
 .text.MDIO_SetPinDirection
                0x00000596      0x1ec ./MCAL/MDIO/MDIO_Program.o
                0x00000596                MDIO_SetPinDirection
 .text.MDIO_SetPortValue
                0x00000782       0x8e ./MCAL/MDIO/MDIO_Program.o
                0x00000782                MDIO_SetPortValue
 .text.MDIO_SetPinValue
                0x00000810      0x1ec ./MCAL/MDIO/MDIO_Program.o
                0x00000810                MDIO_SetPinValue
 .text.MDIO_ReadPort
                0x000009fc       0xa0 ./MCAL/MDIO/MDIO_Program.o
                0x000009fc                MDIO_ReadPort
 .text.MDIO_ReadPin
                0x00000a9c      0x110 ./MCAL/MDIO/MDIO_Program.o
                0x00000a9c                MDIO_ReadPin
 .text.MDIO_TogglePin
                0x00000bac      0x102 ./MCAL/MDIO/MDIO_Program.o
                0x00000bac                MDIO_TogglePin
 .text.MDIO_SetNibbleValue
                0x00000cae      0x17e ./MCAL/MDIO/MDIO_Program.o
                0x00000cae                MDIO_SetNibbleValue
 .text.MADC_Init
                0x00000e2c       0x70 ./MCAL/MADC/MADC_Program.o
                0x00000e2c                MADC_Init
 .text.MADC_StartConversion
                0x00000e9c       0x66 ./MCAL/MADC/MADC_Program.o
                0x00000e9c                MADC_StartConversion
 .text.HKPD_Init
                0x00000f02       0xae ./HAL/HKPD/HKPD_Program.o
                0x00000f02                HKPD_Init
 .text.HKPD_GetPressedButton
                0x00000fb0       0xb6 ./HAL/HKPD/HKPD_Program.o
                0x00000fb0                HKPD_GetPressedButton
 .text.HCLCD_WriteCommand4Bit
                0x00001066       0x7c ./HAL/HCLCD/HCLCD_Program.o
                0x00001066                HCLCD_WriteCommand4Bit
 .text.HCLCD_Init4Bit
                0x000010e2       0xac ./HAL/HCLCD/HCLCD_Program.o
                0x000010e2                HCLCD_Init4Bit
 .text.HCLCD_WriteChar4Bit
                0x0000118e       0x7c ./HAL/HCLCD/HCLCD_Program.o
                0x0000118e                HCLCD_WriteChar4Bit
 .text.HCLCD_SetCursorPosition
                0x0000120a       0x42 ./HAL/HCLCD/HCLCD_Program.o
                0x0000120a                HCLCD_SetCursorPosition
 .text.HCLCD_WriteNumber
                0x0000124c       0xee ./HAL/HCLCD/HCLCD_Program.o
                0x0000124c                HCLCD_WriteNumber
 .text.HCLCD_WriteString
                0x0000133a       0x5e ./HAL/HCLCD/HCLCD_Program.o
                0x0000133a                HCLCD_WriteString
 .text.xCoRoutineCreate
                0x00001398      0x128 ./FreeRTOS_Stack/croutine.o
                0x00001398                xCoRoutineCreate
 .text.vCoRoutineAddToDelayedList
                0x000014c0       0xc2 ./FreeRTOS_Stack/croutine.o
                0x000014c0                vCoRoutineAddToDelayedList
 .text.prvCheckPendingReadyList
                0x00001582       0x94 ./FreeRTOS_Stack/croutine.o
 .text.prvCheckDelayedList
                0x00001616      0x15c ./FreeRTOS_Stack/croutine.o
 .text.vCoRoutineSchedule
                0x00001772       0xf4 ./FreeRTOS_Stack/croutine.o
                0x00001772                vCoRoutineSchedule
 .text.prvInitialiseCoRoutineLists
                0x00001866       0x72 ./FreeRTOS_Stack/croutine.o
 .text.xCoRoutineRemoveFromEventList
                0x000018d8       0x70 ./FreeRTOS_Stack/croutine.o
                0x000018d8                xCoRoutineRemoveFromEventList
 .text.pvPortMalloc
                0x00001948       0x8c ./FreeRTOS_Stack/heap_1.o
                0x00001948                pvPortMalloc
 .text.vPortFree
                0x000019d4       0x18 ./FreeRTOS_Stack/heap_1.o
                0x000019d4                vPortFree
 .text.vPortInitialiseBlocks
                0x000019ec       0x16 ./FreeRTOS_Stack/heap_1.o
                0x000019ec                vPortInitialiseBlocks
 .text.xPortGetFreeHeapSize
                0x00001a02       0x1e ./FreeRTOS_Stack/heap_1.o
                0x00001a02                xPortGetFreeHeapSize
 .text.vListInitialise
                0x00001a20       0x54 ./FreeRTOS_Stack/list.o
                0x00001a20                vListInitialise
 .text.vListInitialiseItem
                0x00001a74       0x20 ./FreeRTOS_Stack/list.o
                0x00001a74                vListInitialiseItem
 .text.vListInsertEnd
                0x00001a94       0x98 ./FreeRTOS_Stack/list.o
                0x00001a94                vListInsertEnd
 .text.vListInsert
                0x00001b2c       0xd8 ./FreeRTOS_Stack/list.o
                0x00001b2c                vListInsert
 .text.vListRemove
                0x00001c04       0x92 ./FreeRTOS_Stack/list.o
                0x00001c04                vListRemove
 .text.pxPortInitialiseStack
                0x00001c96      0x306 ./FreeRTOS_Stack/port.o
                0x00001c96                pxPortInitialiseStack
 .text.xPortStartScheduler
                0x00001f9c       0x6a ./FreeRTOS_Stack/port.o
                0x00001f9c                xPortStartScheduler
 .text.vPortEndScheduler
                0x00002006        0xe ./FreeRTOS_Stack/port.o
                0x00002006                vPortEndScheduler
 .text.vPortYield
                0x00002014       0xb2 ./FreeRTOS_Stack/port.o
                0x00002014                vPortYield
 .text.vPortYieldFromTick
                0x000020c6       0xb6 ./FreeRTOS_Stack/port.o
                0x000020c6                vPortYieldFromTick
 .text.prvSetupTimerInterrupt
                0x0000217c       0xb8 ./FreeRTOS_Stack/port.o
 .text.__vector_7
                0x00002234        0x6 ./FreeRTOS_Stack/port.o
                0x00002234                __vector_7
 .text.xQueueCreate
                0x0000223a      0x152 ./FreeRTOS_Stack/queue.o
                0x0000223a                xQueueCreate
 .text.xQueueGenericSend
                0x0000238c      0x13c ./FreeRTOS_Stack/queue.o
                0x0000238c                xQueueGenericSend
 .text.xQueueGenericSendFromISR
                0x000024c8       0x9a ./FreeRTOS_Stack/queue.o
                0x000024c8                xQueueGenericSendFromISR
 .text.xQueueGenericReceive
                0x00002562      0x180 ./FreeRTOS_Stack/queue.o
                0x00002562                xQueueGenericReceive
 .text.xQueueReceiveFromISR
                0x000026e2       0x9e ./FreeRTOS_Stack/queue.o
                0x000026e2                xQueueReceiveFromISR
 .text.uxQueueMessagesWaiting
                0x00002780       0x30 ./FreeRTOS_Stack/queue.o
                0x00002780                uxQueueMessagesWaiting
 .text.uxQueueMessagesWaitingFromISR
                0x000027b0       0x26 ./FreeRTOS_Stack/queue.o
                0x000027b0                uxQueueMessagesWaitingFromISR
 .text.vQueueDelete
                0x000027d6       0x2c ./FreeRTOS_Stack/queue.o
                0x000027d6                vQueueDelete
 .text.prvCopyDataToQueue
                0x00002802      0x12a ./FreeRTOS_Stack/queue.o
 .text.prvCopyDataFromQueue
                0x0000292c       0x90 ./FreeRTOS_Stack/queue.o
 .text.prvUnlockQueue
                0x000029bc       0xa8 ./FreeRTOS_Stack/queue.o
 .text.prvIsQueueEmpty
                0x00002a64       0x38 ./FreeRTOS_Stack/queue.o
 .text.xQueueIsQueueEmptyFromISR
                0x00002a9c       0x2e ./FreeRTOS_Stack/queue.o
                0x00002a9c                xQueueIsQueueEmptyFromISR
 .text.prvIsQueueFull
                0x00002aca       0x3e ./FreeRTOS_Stack/queue.o
 .text.xQueueIsQueueFullFromISR
                0x00002b08       0x34 ./FreeRTOS_Stack/queue.o
                0x00002b08                xQueueIsQueueFullFromISR
 .text.xTaskGenericCreate
                0x00002b3c      0x1da ./FreeRTOS_Stack/tasks.o
                0x00002b3c                xTaskGenericCreate
 .text.vTaskDelete
                0x00002d16       0xc6 ./FreeRTOS_Stack/tasks.o
                0x00002d16                vTaskDelete
 .text.vTaskDelayUntil
                0x00002ddc       0xe8 ./FreeRTOS_Stack/tasks.o
                0x00002ddc                vTaskDelayUntil
 .text.vTaskDelay
                0x00002ec4       0x6a ./FreeRTOS_Stack/tasks.o
                0x00002ec4                vTaskDelay
 .text.vTaskStartScheduler
                0x00002f2e       0x6e ./FreeRTOS_Stack/tasks.o
                0x00002f2e                vTaskStartScheduler
 .text.vTaskEndScheduler
                0x00002f9c       0x18 ./FreeRTOS_Stack/tasks.o
                0x00002f9c                vTaskEndScheduler
 .text.vTaskSuspendAll
                0x00002fb4       0x18 ./FreeRTOS_Stack/tasks.o
                0x00002fb4                vTaskSuspendAll
 .text.xTaskResumeAll
                0x00002fcc      0x114 ./FreeRTOS_Stack/tasks.o
                0x00002fcc                xTaskResumeAll
 .text.xTaskGetTickCount
                0x000030e0       0x2e ./FreeRTOS_Stack/tasks.o
                0x000030e0                xTaskGetTickCount
 .text.xTaskGetTickCountFromISR
                0x0000310e       0x2a ./FreeRTOS_Stack/tasks.o
                0x0000310e                xTaskGetTickCountFromISR
 .text.uxTaskGetNumberOfTasks
                0x00003138       0x12 ./FreeRTOS_Stack/tasks.o
                0x00003138                uxTaskGetNumberOfTasks
 .text.vTaskIncrementTick
                0x0000314a      0x1aa ./FreeRTOS_Stack/tasks.o
                0x0000314a                vTaskIncrementTick
 .text.vTaskSwitchContext
                0x000032f4       0xcc ./FreeRTOS_Stack/tasks.o
                0x000032f4                vTaskSwitchContext
 .text.vTaskPlaceOnEventList
                0x000033c0       0x6c ./FreeRTOS_Stack/tasks.o
                0x000033c0                vTaskPlaceOnEventList
 .text.xTaskRemoveFromEventList
                0x0000342c       0xd0 ./FreeRTOS_Stack/tasks.o
                0x0000342c                xTaskRemoveFromEventList
 .text.vTaskSetTimeOutState
                0x000034fc       0x32 ./FreeRTOS_Stack/tasks.o
                0x000034fc                vTaskSetTimeOutState
 .text.xTaskCheckForTimeOut
                0x0000352e       0xba ./FreeRTOS_Stack/tasks.o
                0x0000352e                xTaskCheckForTimeOut
 .text.vTaskMissedYield
                0x000035e8       0x14 ./FreeRTOS_Stack/tasks.o
                0x000035e8                vTaskMissedYield
 .text.prvIdleTask
                0x000035fc       0x14 ./FreeRTOS_Stack/tasks.o
 .text.prvInitialiseTCBVariables
                0x00003610       0xae ./FreeRTOS_Stack/tasks.o
 .text.prvInitialiseTaskLists
                0x000036be       0x7a ./FreeRTOS_Stack/tasks.o
 .text.prvCheckTasksWaitingTermination
                0x00003738       0x7c ./FreeRTOS_Stack/tasks.o
 .text.prvAddCurrentTaskToDelayedList
                0x000037b4       0x92 ./FreeRTOS_Stack/tasks.o
 .text.prvAllocateTCBAndStack
                0x00003846       0xa0 ./FreeRTOS_Stack/tasks.o
 .text.prvDeleteTCB
                0x000038e6       0x2c ./FreeRTOS_Stack/tasks.o
 .text.INIT     0x00003912       0x70 ./main.o
                0x00003912                INIT
 .text.KEYPAD_TASK
                0x00003982       0x88 ./main.o
                0x00003982                KEYPAD_TASK
 .text.ADC_TASK
                0x00003a0a       0xd4 ./main.o
                0x00003a0a                ADC_TASK
 .text.main     0x00003ade       0xd4 ./main.o
                0x00003ade                main
 .text.libgcc   0x00003bb2       0x28 c:/users/ismail/downloads/amit/sdk_win_64/sdk_win_64/winavr/bin/../lib/gcc/avr/4.3.3/avr5\libgcc.a(_udivmodhi4.o)
                0x00003bb2                __udivmodhi4
 .text.libgcc   0x00003bda       0x44 c:/users/ismail/downloads/amit/sdk_win_64/sdk_win_64/winavr/bin/../lib/gcc/avr/4.3.3/avr5\libgcc.a(_udivmodsi4.o)
                0x00003bda                __udivmodsi4
 .text.libgcc   0x00003c1e        0x0 c:/users/ismail/downloads/amit/sdk_win_64/sdk_win_64/winavr/bin/../lib/gcc/avr/4.3.3/avr5\libgcc.a(_exit.o)
 .text.libgcc   0x00003c1e        0x0 c:/users/ismail/downloads/amit/sdk_win_64/sdk_win_64/winavr/bin/../lib/gcc/avr/4.3.3/avr5\libgcc.a(_copy_data.o)
 .text.libgcc   0x00003c1e        0x0 c:/users/ismail/downloads/amit/sdk_win_64/sdk_win_64/winavr/bin/../lib/gcc/avr/4.3.3/avr5\libgcc.a(_clear_bss.o)
 .text.avr-libc
                0x00003c1e       0x12 c:/users/ismail/downloads/amit/sdk_win_64/sdk_win_64/winavr/bin/../lib/gcc/avr/4.3.3/../../../../avr/lib/avr5\libc.a(memcpy.o)
                0x00003c1e                memcpy
 .text.avr-libc
                0x00003c30        0xe c:/users/ismail/downloads/amit/sdk_win_64/sdk_win_64/winavr/bin/../lib/gcc/avr/4.3.3/../../../../avr/lib/avr5\libc.a(memset.o)
                0x00003c30                memset
 .text.avr-libc
                0x00003c3e       0x1e c:/users/ismail/downloads/amit/sdk_win_64/sdk_win_64/winavr/bin/../lib/gcc/avr/4.3.3/../../../../avr/lib/avr5\libc.a(strncpy.o)
                0x00003c3e                strncpy
                0x00003c5c                . = ALIGN (0x2)
 *(.fini9)
 .fini9         0x00003c5c        0x0 c:/users/ismail/downloads/amit/sdk_win_64/sdk_win_64/winavr/bin/../lib/gcc/avr/4.3.3/avr5\libgcc.a(_exit.o)
                0x00003c5c                exit
                0x00003c5c                _exit
 *(.fini9)
 *(.fini8)
 *(.fini8)
 *(.fini7)
 *(.fini7)
 *(.fini6)
 *(.fini6)
 *(.fini5)
 *(.fini5)
 *(.fini4)
 *(.fini4)
 *(.fini3)
 *(.fini3)
 *(.fini2)
 *(.fini2)
 *(.fini1)
 *(.fini1)
 *(.fini0)
 .fini0         0x00003c5c        0x4 c:/users/ismail/downloads/amit/sdk_win_64/sdk_win_64/winavr/bin/../lib/gcc/avr/4.3.3/avr5\libgcc.a(_exit.o)
 *(.fini0)
                0x00003c60                _etext = .

.data           0x00800060       0x50 load address 0x00003c60
                0x00800060                PROVIDE (__data_start, .)
 *(.data)
 .data          0x00800060        0x0 c:/users/ismail/downloads/amit/sdk_win_64/sdk_win_64/winavr/bin/../lib/gcc/avr/4.3.3/../../../../avr/lib/avr5/crtm32.o
 .data          0x00800060        0x0 ./MCAL/MUSART/MUSART_Program.o
 .data          0x00800060        0x0 ./MCAL/MTIMER/MTIMER_Program.o
 .data          0x00800060        0x0 ./MCAL/MGIE/MGIE_Program.o
 .data          0x00800060        0x0 ./MCAL/MEXTI/MEXTI_Program.o
 .data          0x00800060        0x0 ./MCAL/MDIO/MDIO_Program.o
 .data          0x00800060        0x0 ./MCAL/MADC/MADC_Program.o
 .data          0x00800060        0x0 ./HAL/HKPD/HKPD_Program.o
 .data          0x00800060        0x0 ./HAL/HCLCD/HCLCD_Program.o
 .data          0x00800060        0x0 ./FreeRTOS_Stack/croutine.o
 .data          0x00800060        0x0 ./FreeRTOS_Stack/heap_1.o
 .data          0x00800060        0x0 ./FreeRTOS_Stack/list.o
 .data          0x00800060        0x0 ./FreeRTOS_Stack/port.o
 .data          0x00800060        0x0 ./FreeRTOS_Stack/queue.o
 .data          0x00800060        0x5 ./FreeRTOS_Stack/tasks.o
 .data          0x00800065        0x0 ./FreeRTOS_Stack/timers.o
 .data          0x00800065       0x2c ./main.o
 .data          0x00800091        0x0 c:/users/ismail/downloads/amit/sdk_win_64/sdk_win_64/winavr/bin/../lib/gcc/avr/4.3.3/avr5\libgcc.a(_udivmodhi4.o)
 .data          0x00800091        0x0 c:/users/ismail/downloads/amit/sdk_win_64/sdk_win_64/winavr/bin/../lib/gcc/avr/4.3.3/avr5\libgcc.a(_udivmodsi4.o)
 .data          0x00800091        0x0 c:/users/ismail/downloads/amit/sdk_win_64/sdk_win_64/winavr/bin/../lib/gcc/avr/4.3.3/avr5\libgcc.a(_exit.o)
 .data          0x00800091        0x0 c:/users/ismail/downloads/amit/sdk_win_64/sdk_win_64/winavr/bin/../lib/gcc/avr/4.3.3/avr5\libgcc.a(_copy_data.o)
 .data          0x00800091        0x0 c:/users/ismail/downloads/amit/sdk_win_64/sdk_win_64/winavr/bin/../lib/gcc/avr/4.3.3/avr5\libgcc.a(_clear_bss.o)
 .data          0x00800091        0x0 c:/users/ismail/downloads/amit/sdk_win_64/sdk_win_64/winavr/bin/../lib/gcc/avr/4.3.3/../../../../avr/lib/avr5\libc.a(memcpy.o)
 .data          0x00800091        0x0 c:/users/ismail/downloads/amit/sdk_win_64/sdk_win_64/winavr/bin/../lib/gcc/avr/4.3.3/../../../../avr/lib/avr5\libc.a(memset.o)
 .data          0x00800091        0x0 c:/users/ismail/downloads/amit/sdk_win_64/sdk_win_64/winavr/bin/../lib/gcc/avr/4.3.3/../../../../avr/lib/avr5\libc.a(strncpy.o)
 *(.data*)
 .data.HKPD_SwitchValues
                0x00800091       0x10 ./HAL/HKPD/HKPD_Program.o
                0x00800091                HKPD_SwitchValues
 .data.xNextTaskUnblockTime
                0x008000a1        0x2 ./FreeRTOS_Stack/tasks.o
 .data.data     0x008000a3        0xc ./main.o
                0x008000a3                data
 .data.keypressed
                0x008000af        0x1 ./main.o
                0x008000af                keypressed
 *(.rodata)
 *(.rodata*)
 *(.gnu.linkonce.d*)
                0x008000b0                . = ALIGN (0x2)
                0x008000b0                _edata = .
                0x008000b0                PROVIDE (__data_end, .)

.bss            0x008000b0      0x4c1
                0x008000b0                PROVIDE (__bss_start, .)
 *(.bss)
 .bss           0x008000b0        0x0 c:/users/ismail/downloads/amit/sdk_win_64/sdk_win_64/winavr/bin/../lib/gcc/avr/4.3.3/../../../../avr/lib/avr5/crtm32.o
 .bss           0x008000b0        0x0 ./MCAL/MUSART/MUSART_Program.o
 .bss           0x008000b0        0x0 ./MCAL/MTIMER/MTIMER_Program.o
 .bss           0x008000b0        0x0 ./MCAL/MGIE/MGIE_Program.o
 .bss           0x008000b0        0x0 ./MCAL/MEXTI/MEXTI_Program.o
 .bss           0x008000b0        0x0 ./MCAL/MDIO/MDIO_Program.o
 .bss           0x008000b0        0x0 ./MCAL/MADC/MADC_Program.o
 .bss           0x008000b0        0x0 ./HAL/HKPD/HKPD_Program.o
 .bss           0x008000b0        0x0 ./HAL/HCLCD/HCLCD_Program.o
 .bss           0x008000b0        0x0 ./FreeRTOS_Stack/croutine.o
 .bss           0x008000b0        0x0 ./FreeRTOS_Stack/heap_1.o
 .bss           0x008000b0        0x0 ./FreeRTOS_Stack/list.o
 .bss           0x008000b0        0x0 ./FreeRTOS_Stack/port.o
 .bss           0x008000b0        0x0 ./FreeRTOS_Stack/queue.o
 .bss           0x008000b0        0x0 ./FreeRTOS_Stack/tasks.o
 .bss           0x008000b0        0x0 ./FreeRTOS_Stack/timers.o
 .bss           0x008000b0        0x0 ./main.o
 .bss           0x008000b0        0x0 c:/users/ismail/downloads/amit/sdk_win_64/sdk_win_64/winavr/bin/../lib/gcc/avr/4.3.3/avr5\libgcc.a(_udivmodhi4.o)
 .bss           0x008000b0        0x0 c:/users/ismail/downloads/amit/sdk_win_64/sdk_win_64/winavr/bin/../lib/gcc/avr/4.3.3/avr5\libgcc.a(_udivmodsi4.o)
 .bss           0x008000b0        0x0 c:/users/ismail/downloads/amit/sdk_win_64/sdk_win_64/winavr/bin/../lib/gcc/avr/4.3.3/avr5\libgcc.a(_exit.o)
 .bss           0x008000b0        0x0 c:/users/ismail/downloads/amit/sdk_win_64/sdk_win_64/winavr/bin/../lib/gcc/avr/4.3.3/avr5\libgcc.a(_copy_data.o)
 .bss           0x008000b0        0x0 c:/users/ismail/downloads/amit/sdk_win_64/sdk_win_64/winavr/bin/../lib/gcc/avr/4.3.3/avr5\libgcc.a(_clear_bss.o)
 .bss           0x008000b0        0x0 c:/users/ismail/downloads/amit/sdk_win_64/sdk_win_64/winavr/bin/../lib/gcc/avr/4.3.3/../../../../avr/lib/avr5\libc.a(memcpy.o)
 .bss           0x008000b0        0x0 c:/users/ismail/downloads/amit/sdk_win_64/sdk_win_64/winavr/bin/../lib/gcc/avr/4.3.3/../../../../avr/lib/avr5\libc.a(memset.o)
 .bss           0x008000b0        0x0 c:/users/ismail/downloads/amit/sdk_win_64/sdk_win_64/winavr/bin/../lib/gcc/avr/4.3.3/../../../../avr/lib/avr5\libc.a(strncpy.o)
 *(.bss*)
 .bss.Glob_OverflowISR_Ptr
                0x008000b0        0x2 ./MCAL/MTIMER/MTIMER_Program.o
                0x008000b0                Glob_OverflowISR_Ptr
 .bss.Glob_CTC_ISR_Ptr
                0x008000b2        0x2 ./MCAL/MTIMER/MTIMER_Program.o
                0x008000b2                Glob_CTC_ISR_Ptr
 .bss.pxCurrentCoRoutine
                0x008000b4        0x2 ./FreeRTOS_Stack/croutine.o
                0x008000b4                pxCurrentCoRoutine
 .bss.uxTopCoRoutineReadyPriority
                0x008000b6        0x1 ./FreeRTOS_Stack/croutine.o
 .bss.xCoRoutineTickCount
                0x008000b7        0x2 ./FreeRTOS_Stack/croutine.o
 .bss.xLastTickCount
                0x008000b9        0x2 ./FreeRTOS_Stack/croutine.o
 .bss.xPassedTicks
                0x008000bb        0x2 ./FreeRTOS_Stack/croutine.o
 .bss.pxReadyCoRoutineLists
                0x008000bd       0x12 ./FreeRTOS_Stack/croutine.o
 .bss.xDelayedCoRoutineList1
                0x008000cf        0x9 ./FreeRTOS_Stack/croutine.o
 .bss.xDelayedCoRoutineList2
                0x008000d8        0x9 ./FreeRTOS_Stack/croutine.o
 .bss.pxDelayedCoRoutineList
                0x008000e1        0x2 ./FreeRTOS_Stack/croutine.o
 .bss.pxOverflowDelayedCoRoutineList
                0x008000e3        0x2 ./FreeRTOS_Stack/croutine.o
 .bss.xPendingReadyCoRoutineList
                0x008000e5        0x9 ./FreeRTOS_Stack/croutine.o
 .bss.xNextFreeByte
                0x008000ee        0x2 ./FreeRTOS_Stack/heap_1.o
 .bss.xHeap     0x008000f0      0x3e8 ./FreeRTOS_Stack/heap_1.o
 .bss.pxCurrentTCB
                0x008004d8        0x2 ./FreeRTOS_Stack/tasks.o
                0x008004d8                pxCurrentTCB
 .bss.uxTasksDeleted
                0x008004da        0x1 ./FreeRTOS_Stack/tasks.o
 .bss.uxCurrentNumberOfTasks
                0x008004db        0x1 ./FreeRTOS_Stack/tasks.o
 .bss.xTickCount
                0x008004dc        0x2 ./FreeRTOS_Stack/tasks.o
 .bss.uxTopUsedPriority
                0x008004de        0x1 ./FreeRTOS_Stack/tasks.o
 .bss.uxTopReadyPriority
                0x008004df        0x1 ./FreeRTOS_Stack/tasks.o
 .bss.xSchedulerRunning
                0x008004e0        0x1 ./FreeRTOS_Stack/tasks.o
 .bss.uxSchedulerSuspended
                0x008004e1        0x1 ./FreeRTOS_Stack/tasks.o
 .bss.uxMissedTicks
                0x008004e2        0x1 ./FreeRTOS_Stack/tasks.o
 .bss.xMissedYield
                0x008004e3        0x1 ./FreeRTOS_Stack/tasks.o
 .bss.xNumOfOverflows
                0x008004e4        0x1 ./FreeRTOS_Stack/tasks.o
 .bss.uxTaskNumber
                0x008004e5        0x1 ./FreeRTOS_Stack/tasks.o
 .bss.pxReadyTasksLists
                0x008004e6       0x5a ./FreeRTOS_Stack/tasks.o
 .bss.xDelayedTaskList1
                0x00800540        0x9 ./FreeRTOS_Stack/tasks.o
 .bss.xDelayedTaskList2
                0x00800549        0x9 ./FreeRTOS_Stack/tasks.o
 .bss.pxDelayedTaskList
                0x00800552        0x2 ./FreeRTOS_Stack/tasks.o
 .bss.pxOverflowDelayedTaskList
                0x00800554        0x2 ./FreeRTOS_Stack/tasks.o
 .bss.xPendingReadyList
                0x00800556        0x9 ./FreeRTOS_Stack/tasks.o
 .bss.xTasksWaitingTermination
                0x0080055f        0x9 ./FreeRTOS_Stack/tasks.o
 .bss.flag      0x00800568        0x1 ./main.o
                0x00800568                flag
 .bss.temp      0x00800569        0x4 ./main.o
                0x00800569                temp
 .bss.Reading   0x0080056d        0x2 ./main.o
                0x0080056d                Reading
 *(COMMON)
 COMMON         0x0080056f        0x2 ./main.o
                0x0080056f                LCD_Semphor
                0x00800571                PROVIDE (__bss_end, .)
                0x00003c60                __data_load_start = LOADADDR (.data)
                0x00003cb0                __data_load_end = (__data_load_start + SIZEOF (.data))

.noinit         0x00800571        0x0
                0x00800571                PROVIDE (__noinit_start, .)
 *(.noinit*)
                0x00800571                PROVIDE (__noinit_end, .)
                0x00800571                _end = .
                0x00800571                PROVIDE (__heap_start, .)

.eeprom         0x00810000        0x0
 *(.eeprom*)
                0x00810000                __eeprom_end = .

.fuse
 *(.fuse)
 *(.lfuse)
 *(.hfuse)
 *(.efuse)

.lock
 *(.lock*)

.signature
 *(.signature*)

.stab           0x00000000     0x672c
 *(.stab)
 .stab          0x00000000      0x420 ./MCAL/MUSART/MUSART_Program.o
 .stab          0x00000420      0x42c ./MCAL/MTIMER/MTIMER_Program.o
                                0x438 (size before relaxing)
 .stab          0x0000084c      0x1b0 ./MCAL/MGIE/MGIE_Program.o
                                0x1bc (size before relaxing)
 .stab          0x000009fc      0x1e0 ./MCAL/MEXTI/MEXTI_Program.o
                                0x1ec (size before relaxing)
 .stab          0x00000bdc      0x75c ./MCAL/MDIO/MDIO_Program.o
                                0x768 (size before relaxing)
 .stab          0x00001338      0x264 ./MCAL/MADC/MADC_Program.o
                                0x270 (size before relaxing)
 .stab          0x0000159c      0x690 ./HAL/HKPD/HKPD_Program.o
                                0x69c (size before relaxing)
 .stab          0x00001c2c      0x6f0 ./HAL/HCLCD/HCLCD_Program.o
                                0x8d0 (size before relaxing)
 .stab          0x0000231c      0x954 ./FreeRTOS_Stack/croutine.o
                                0xb40 (size before relaxing)
 .stab          0x00002c70      0x354 ./FreeRTOS_Stack/heap_1.o
                                0x624 (size before relaxing)
 .stab          0x00002fc4      0x474 ./FreeRTOS_Stack/list.o
                                0x750 (size before relaxing)
 .stab          0x00003438      0x840 ./FreeRTOS_Stack/port.o
                                0xb70 (size before relaxing)
 .stab          0x00003c78      0xe94 ./FreeRTOS_Stack/queue.o
                               0x11d0 (size before relaxing)
 .stab          0x00004b0c     0x1578 ./FreeRTOS_Stack/tasks.o
                               0x17d0 (size before relaxing)
 .stab          0x00006084      0x1c8 ./FreeRTOS_Stack/timers.o
                                0x4c8 (size before relaxing)
 .stab          0x0000624c      0x4e0 ./main.o
                                0x840 (size before relaxing)

.stabstr        0x00000000     0x3dda
 *(.stabstr)
 .stabstr       0x00000000     0x3dda ./MCAL/MUSART/MUSART_Program.o

.stab.excl
 *(.stab.excl)

.stab.exclstr
 *(.stab.exclstr)

.stab.index
 *(.stab.index)

.stab.indexstr
 *(.stab.indexstr)

.comment
 *(.comment)

.debug
 *(.debug)

.line
 *(.line)

.debug_srcinfo
 *(.debug_srcinfo)

.debug_sfnames
 *(.debug_sfnames)

.debug_aranges
 *(.debug_aranges)

.debug_pubnames
 *(.debug_pubnames)

.debug_info
 *(.debug_info)
 *(.gnu.linkonce.wi.*)

.debug_abbrev
 *(.debug_abbrev)

.debug_line
 *(.debug_line)

.debug_frame
 *(.debug_frame)

.debug_str
 *(.debug_str)

.debug_loc
 *(.debug_loc)

.debug_macinfo
 *(.debug_macinfo)
OUTPUT(FreeRTOS.elf elf32-avr)
LOAD linker stubs
