Archive member included because of file (symbol)

c:/users/ismail/downloads/amit/sdk_win_64/sdk_win_64/winavr/bin/../lib/gcc/avr/4.3.3/avr5\libgcc.a(_udivmodhi4.o)
                              ./main.o (__udivmodhi4)
c:/users/ismail/downloads/amit/sdk_win_64/sdk_win_64/winavr/bin/../lib/gcc/avr/4.3.3/avr5\libgcc.a(_udivmodsi4.o)
                              ./MCAL/MTIMER/MTIMER_Program.o (__udivmodsi4)
c:/users/ismail/downloads/amit/sdk_win_64/sdk_win_64/winavr/bin/../lib/gcc/avr/4.3.3/avr5\libgcc.a(_exit.o)
                              c:/users/ismail/downloads/amit/sdk_win_64/sdk_win_64/winavr/bin/../lib/gcc/avr/4.3.3/../../../../avr/lib/avr5/crtm32.o (exit)
c:/users/ismail/downloads/amit/sdk_win_64/sdk_win_64/winavr/bin/../lib/gcc/avr/4.3.3/avr5\libgcc.a(_copy_data.o)
                              ./HAL/HKPD/HKPD_Program.o (__do_copy_data)
c:/users/ismail/downloads/amit/sdk_win_64/sdk_win_64/winavr/bin/../lib/gcc/avr/4.3.3/avr5\libgcc.a(_clear_bss.o)
                              ./MCAL/MTIMER/MTIMER_Program.o (__do_clear_bss)
c:/users/ismail/downloads/amit/sdk_win_64/sdk_win_64/winavr/bin/../lib/gcc/avr/4.3.3/../../../../avr/lib/avr5\libc.a(memcpy.o)
                              ./FreeRTOS_Stack/queue.o (memcpy)
c:/users/ismail/downloads/amit/sdk_win_64/sdk_win_64/winavr/bin/../lib/gcc/avr/4.3.3/../../../../avr/lib/avr5\libc.a(memset.o)
                              ./FreeRTOS_Stack/tasks.o (memset)
c:/users/ismail/downloads/amit/sdk_win_64/sdk_win_64/winavr/bin/../lib/gcc/avr/4.3.3/../../../../avr/lib/avr5\libc.a(strncpy.o)
                              ./FreeRTOS_Stack/tasks.o (strncpy)

Allocating common symbols
Common symbol       size              file

LCD_Semphor         0x2               ./main.o

Memory Configuration

Name             Origin             Length             Attributes
text             0x00000000         0x00020000         xr
data             0x00800060         0x0000ffa0         rw !x
eeprom           0x00810000         0x00010000         rw !x
fuse             0x00820000         0x00000400         rw !x
lock             0x00830000         0x00000400         rw !x
signature        0x00840000         0x00000400         rw !x
*default*        0x00000000         0xffffffff

Linker script and memory map

LOAD c:/users/ismail/downloads/amit/sdk_win_64/sdk_win_64/winavr/bin/../lib/gcc/avr/4.3.3/../../../../avr/lib/avr5/crtm32.o
LOAD ./MCAL/MUSART/MUSART_Program.o
LOAD ./MCAL/MTIMER/MTIMER_Program.o
LOAD ./MCAL/MGIE/MGIE_Program.o
LOAD ./MCAL/MEXTI/MEXTI_Program.o
LOAD ./MCAL/MDIO/MDIO_Program.o
LOAD ./MCAL/MADC/MADC_Program.o
LOAD ./HAL/HKPD/HKPD_Program.o
LOAD ./HAL/HCLCD/HCLCD_Program.o
LOAD ./FreeRTOS_Stack/croutine.o
LOAD ./FreeRTOS_Stack/heap_1.o
LOAD ./FreeRTOS_Stack/list.o
LOAD ./FreeRTOS_Stack/port.o
LOAD ./FreeRTOS_Stack/queue.o
LOAD ./FreeRTOS_Stack/tasks.o
LOAD ./FreeRTOS_Stack/timers.o
LOAD ./main.o
LOAD c:/users/ismail/downloads/amit/sdk_win_64/sdk_win_64/winavr/bin/../lib/gcc/avr/4.3.3/avr5\libgcc.a
LOAD c:/users/ismail/downloads/amit/sdk_win_64/sdk_win_64/winavr/bin/../lib/gcc/avr/4.3.3/../../../../avr/lib/avr5\libc.a
LOAD c:/users/ismail/downloads/amit/sdk_win_64/sdk_win_64/winavr/bin/../lib/gcc/avr/4.3.3/avr5\libgcc.a

.hash
 *(.hash)

.dynsym
 *(.dynsym)

.dynstr
 *(.dynstr)

.gnu.version
 *(.gnu.version)

.gnu.version_d
 *(.gnu.version_d)

.gnu.version_r
 *(.gnu.version_r)

.rel.init
 *(.rel.init)

.rela.init
 *(.rela.init)

.rel.text
 *(.rel.text)
 *(.rel.text.*)
 *(.rel.gnu.linkonce.t*)

.rela.text
 *(.rela.text)
 *(.rela.text.*)
 *(.rela.gnu.linkonce.t*)

.rel.fini
 *(.rel.fini)

.rela.fini
 *(.rela.fini)

.rel.rodata
 *(.rel.rodata)
 *(.rel.rodata.*)
 *(.rel.gnu.linkonce.r*)

.rela.rodata
 *(.rela.rodata)
 *(.rela.rodata.*)
 *(.rela.gnu.linkonce.r*)

.rel.data
 *(.rel.data)
 *(.rel.data.*)
 *(.rel.gnu.linkonce.d*)

.rela.data
 *(.rela.data)
 *(.rela.data.*)
 *(.rela.gnu.linkonce.d*)

.rel.ctors
 *(.rel.ctors)

.rela.ctors
 *(.rela.ctors)

.rel.dtors
 *(.rel.dtors)

.rela.dtors
 *(.rela.dtors)

.rel.got
 *(.rel.got)

.rela.got
 *(.rela.got)

.rel.bss
 *(.rel.bss)

.rela.bss
 *(.rela.bss)

.rel.plt
 *(.rel.plt)

.rela.plt
 *(.rela.plt)

.text           0x00000000     0x238a
 *(.vectors)
 .vectors       0x00000000       0x54 c:/users/ismail/downloads/amit/sdk_win_64/sdk_win_64/winavr/bin/../lib/gcc/avr/4.3.3/../../../../avr/lib/avr5/crtm32.o
                0x00000000                __vectors
                0x00000000                __vector_default
 *(.vectors)
 *(.progmem.gcc*)
 *(.progmem*)
                0x00000054                . = ALIGN (0x2)
                0x00000054                __trampolines_start = .
 *(.trampolines)
 .trampolines   0x00000054        0x0 linker stubs
 *(.trampolines*)
                0x00000054                __trampolines_end = .
 *(.jumptables)
 *(.jumptables*)
 *(.lowtext)
 *(.lowtext*)
                0x00000054                __ctors_start = .
 *(.ctors)
                0x00000054                __ctors_end = .
                0x00000054                __dtors_start = .
 *(.dtors)
                0x00000054                __dtors_end = .
 SORT(*)(.ctors)
 SORT(*)(.dtors)
 *(.init0)
 .init0         0x00000054        0x0 c:/users/ismail/downloads/amit/sdk_win_64/sdk_win_64/winavr/bin/../lib/gcc/avr/4.3.3/../../../../avr/lib/avr5/crtm32.o
                0x00000054                __init
 *(.init0)
 *(.init1)
 *(.init1)
 *(.init2)
 .init2         0x00000054        0xc c:/users/ismail/downloads/amit/sdk_win_64/sdk_win_64/winavr/bin/../lib/gcc/avr/4.3.3/../../../../avr/lib/avr5/crtm32.o
 *(.init2)
 *(.init3)
 *(.init3)
 *(.init4)
 .init4         0x00000060       0x16 c:/users/ismail/downloads/amit/sdk_win_64/sdk_win_64/winavr/bin/../lib/gcc/avr/4.3.3/avr5\libgcc.a(_copy_data.o)
                0x00000060                __do_copy_data
 .init4         0x00000076       0x10 c:/users/ismail/downloads/amit/sdk_win_64/sdk_win_64/winavr/bin/../lib/gcc/avr/4.3.3/avr5\libgcc.a(_clear_bss.o)
                0x00000076                __do_clear_bss
 *(.init4)
 *(.init5)
 *(.init5)
 *(.init6)
 *(.init6)
 *(.init7)
 *(.init7)
 *(.init8)
 *(.init8)
 *(.init9)
 .init9         0x00000086        0x8 c:/users/ismail/downloads/amit/sdk_win_64/sdk_win_64/winavr/bin/../lib/gcc/avr/4.3.3/../../../../avr/lib/avr5/crtm32.o
 *(.init9)
 *(.text)
 .text          0x0000008e        0x4 c:/users/ismail/downloads/amit/sdk_win_64/sdk_win_64/winavr/bin/../lib/gcc/avr/4.3.3/../../../../avr/lib/avr5/crtm32.o
                0x0000008e                __vector_1
                0x0000008e                __vector_12
                0x0000008e                __bad_interrupt
                0x0000008e                __vector_6
                0x0000008e                __vector_3
                0x0000008e                __vector_13
                0x0000008e                __vector_17
                0x0000008e                __vector_19
                0x0000008e                __vector_5
                0x0000008e                __vector_4
                0x0000008e                __vector_9
                0x0000008e                __vector_2
                0x0000008e                __vector_15
                0x0000008e                __vector_8
                0x0000008e                __vector_14
                0x0000008e                __vector_16
                0x0000008e                __vector_18
                0x0000008e                __vector_20
 .text          0x00000092        0x0 ./MCAL/MUSART/MUSART_Program.o
 .text          0x00000092        0x0 ./MCAL/MTIMER/MTIMER_Program.o
 .text          0x00000092        0x0 ./MCAL/MGIE/MGIE_Program.o
 .text          0x00000092        0x0 ./MCAL/MEXTI/MEXTI_Program.o
 .text          0x00000092        0x0 ./MCAL/MDIO/MDIO_Program.o
 .text          0x00000092        0x0 ./MCAL/MADC/MADC_Program.o
 .text          0x00000092        0x0 ./HAL/HKPD/HKPD_Program.o
 .text          0x00000092        0x0 ./HAL/HCLCD/HCLCD_Program.o
 .text          0x00000092        0x0 ./FreeRTOS_Stack/croutine.o
 .text          0x00000092        0x0 ./FreeRTOS_Stack/heap_1.o
 .text          0x00000092        0x0 ./FreeRTOS_Stack/list.o
 .text          0x00000092        0x0 ./FreeRTOS_Stack/port.o
 .text          0x00000092        0x0 ./FreeRTOS_Stack/queue.o
 .text          0x00000092        0x0 ./FreeRTOS_Stack/tasks.o
 .text          0x00000092        0x0 ./FreeRTOS_Stack/timers.o
 .text          0x00000092        0x0 ./main.o
 .text          0x00000092        0x0 c:/users/ismail/downloads/amit/sdk_win_64/sdk_win_64/winavr/bin/../lib/gcc/avr/4.3.3/avr5\libgcc.a(_udivmodhi4.o)
 .text          0x00000092        0x0 c:/users/ismail/downloads/amit/sdk_win_64/sdk_win_64/winavr/bin/../lib/gcc/avr/4.3.3/avr5\libgcc.a(_udivmodsi4.o)
 .text          0x00000092        0x0 c:/users/ismail/downloads/amit/sdk_win_64/sdk_win_64/winavr/bin/../lib/gcc/avr/4.3.3/avr5\libgcc.a(_exit.o)
 .text          0x00000092        0x0 c:/users/ismail/downloads/amit/sdk_win_64/sdk_win_64/winavr/bin/../lib/gcc/avr/4.3.3/avr5\libgcc.a(_copy_data.o)
 .text          0x00000092        0x0 c:/users/ismail/downloads/amit/sdk_win_64/sdk_win_64/winavr/bin/../lib/gcc/avr/4.3.3/avr5\libgcc.a(_clear_bss.o)
 .text          0x00000092        0x0 c:/users/ismail/downloads/amit/sdk_win_64/sdk_win_64/winavr/bin/../lib/gcc/avr/4.3.3/../../../../avr/lib/avr5\libc.a(memcpy.o)
 .text          0x00000092        0x0 c:/users/ismail/downloads/amit/sdk_win_64/sdk_win_64/winavr/bin/../lib/gcc/avr/4.3.3/../../../../avr/lib/avr5\libc.a(memset.o)
 .text          0x00000092        0x0 c:/users/ismail/downloads/amit/sdk_win_64/sdk_win_64/winavr/bin/../lib/gcc/avr/4.3.3/../../../../avr/lib/avr5\libc.a(strncpy.o)
                0x00000092                . = ALIGN (0x2)
 *(.text.*)
 .text.MUSART_Init
                0x00000092       0x12 ./MCAL/MUSART/MUSART_Program.o
                0x00000092                MUSART_Init
 .text.MUSART_SendChar
                0x000000a4        0x8 ./MCAL/MUSART/MUSART_Program.o
                0x000000a4                MUSART_SendChar
 .text.MUSART_ReceiveChar
                0x000000ac        0x8 ./MCAL/MUSART/MUSART_Program.o
                0x000000ac                MUSART_ReceiveChar
 .text.MUSART_SendString
                0x000000b4       0x1a ./MCAL/MUSART/MUSART_Program.o
                0x000000b4                MUSART_SendString
 .text.MUSART_ReceiveString
                0x000000ce       0x1e ./MCAL/MUSART/MUSART_Program.o
                0x000000ce                MUSART_ReceiveString
 .text.MTIMER0_Init
                0x000000ec       0x32 ./MCAL/MTIMER/MTIMER_Program.o
                0x000000ec                MTIMER0_Init
 .text.MTIMER0_SetPreload
                0x0000011e        0x4 ./MCAL/MTIMER/MTIMER_Program.o
                0x0000011e                MTIMER0_SetPreload
 .text.MTIMER0_SetCTC
                0x00000122        0x4 ./MCAL/MTIMER/MTIMER_Program.o
                0x00000122                MTIMER0_SetCTC
 .text.MTIMER0_OVERFLOW_CALLBACK
                0x00000126       0x1c ./MCAL/MTIMER/MTIMER_Program.o
                0x00000126                MTIMER0_OVERFLOW_CALLBACK
 .text.MTIMER0_CTC_CALLBACK
                0x00000142       0x1c ./MCAL/MTIMER/MTIMER_Program.o
                0x00000142                MTIMER0_CTC_CALLBACK
 .text.MTIMER0_SetDutyCycle
                0x0000015e       0x24 ./MCAL/MTIMER/MTIMER_Program.o
                0x0000015e                MTIMER0_SetDutyCycle
 .text.__vector_10
                0x00000182       0x52 ./MCAL/MTIMER/MTIMER_Program.o
                0x00000182                __vector_10
 .text.__vector_11
                0x000001d4       0x52 ./MCAL/MTIMER/MTIMER_Program.o
                0x000001d4                __vector_11
 .text.MGIE_Enable
                0x00000226        0x8 ./MCAL/MGIE/MGIE_Program.o
                0x00000226                MGIE_Enable
 .text.MGIE_Disable
                0x0000022e        0x8 ./MCAL/MGIE/MGIE_Program.o
                0x0000022e                MGIE_Disable
 .text.MEXTI0_Init
                0x00000236       0x14 ./MCAL/MEXTI/MEXTI_Program.o
                0x00000236                MEXTI0_Init
 .text.MEXTI1_Init
                0x0000024a        0x2 ./MCAL/MEXTI/MEXTI_Program.o
                0x0000024a                MEXTI1_Init
 .text.MEXTI2_Init
                0x0000024c        0x2 ./MCAL/MEXTI/MEXTI_Program.o
                0x0000024c                MEXTI2_Init
 .text.MDIO_SetPortDirection
                0x0000024e       0x2c ./MCAL/MDIO/MDIO_Program.o
                0x0000024e                MDIO_SetPortDirection
 .text.MDIO_SetPinDirection
                0x0000027a       0xfa ./MCAL/MDIO/MDIO_Program.o
                0x0000027a                MDIO_SetPinDirection
 .text.MDIO_SetPortValue
                0x00000374       0x2c ./MCAL/MDIO/MDIO_Program.o
                0x00000374                MDIO_SetPortValue
 .text.MDIO_SetPinValue
                0x000003a0       0xfa ./MCAL/MDIO/MDIO_Program.o
                0x000003a0                MDIO_SetPinValue
 .text.MDIO_ReadPort
                0x0000049a       0x2e ./MCAL/MDIO/MDIO_Program.o
                0x0000049a                MDIO_ReadPort
 .text.MDIO_ReadPin
                0x000004c8       0x4a ./MCAL/MDIO/MDIO_Program.o
                0x000004c8                MDIO_ReadPin
 .text.MDIO_TogglePin
                0x00000512       0x70 ./MCAL/MDIO/MDIO_Program.o
                0x00000512                MDIO_TogglePin
 .text.MDIO_SetNibbleValue
                0x00000582       0xaa ./MCAL/MDIO/MDIO_Program.o
                0x00000582                MDIO_SetNibbleValue
 .text.MADC_Init
                0x0000062c       0x10 ./MCAL/MADC/MADC_Program.o
                0x0000062c                MADC_Init
 .text.MADC_StartConversion
                0x0000063c       0x1c ./MCAL/MADC/MADC_Program.o
                0x0000063c                MADC_StartConversion
 .text.HKPD_GetPressedButton
                0x00000658       0xb2 ./HAL/HKPD/HKPD_Program.o
                0x00000658                HKPD_GetPressedButton
 .text.HKPD_Init
                0x0000070a       0xa2 ./HAL/HKPD/HKPD_Program.o
                0x0000070a                HKPD_Init
 .text.HCLCD_WriteChar4Bit
                0x000007ac       0x6c ./HAL/HCLCD/HCLCD_Program.o
                0x000007ac                HCLCD_WriteChar4Bit
 .text.HCLCD_WriteString
                0x00000818       0x2a ./HAL/HCLCD/HCLCD_Program.o
                0x00000818                HCLCD_WriteString
 .text.HCLCD_WriteNumber
                0x00000842       0xd2 ./HAL/HCLCD/HCLCD_Program.o
                0x00000842                HCLCD_WriteNumber
 .text.HCLCD_WriteCommand4Bit
                0x00000914       0x6c ./HAL/HCLCD/HCLCD_Program.o
                0x00000914                HCLCD_WriteCommand4Bit
 .text.HCLCD_SetCursorPosition
                0x00000980       0x20 ./HAL/HCLCD/HCLCD_Program.o
                0x00000980                HCLCD_SetCursorPosition
 .text.HCLCD_Init4Bit
                0x000009a0       0xa6 ./HAL/HCLCD/HCLCD_Program.o
                0x000009a0                HCLCD_Init4Bit
 .text.xCoRoutineRemoveFromEventList
                0x00000a46       0x4e ./FreeRTOS_Stack/croutine.o
                0x00000a46                xCoRoutineRemoveFromEventList
 .text.vCoRoutineSchedule
                0x00000a94      0x1c0 ./FreeRTOS_Stack/croutine.o
                0x00000a94                vCoRoutineSchedule
 .text.vCoRoutineAddToDelayedList
                0x00000c54       0x7a ./FreeRTOS_Stack/croutine.o
                0x00000c54                vCoRoutineAddToDelayedList
 .text.xCoRoutineCreate
                0x00000cce       0xf4 ./FreeRTOS_Stack/croutine.o
                0x00000cce                xCoRoutineCreate
 .text.vPortFree
                0x00000dc2        0x2 ./FreeRTOS_Stack/heap_1.o
                0x00000dc2                vPortFree
 .text.vPortInitialiseBlocks
                0x00000dc4        0xa ./FreeRTOS_Stack/heap_1.o
                0x00000dc4                vPortInitialiseBlocks
 .text.xPortGetFreeHeapSize
                0x00000dce       0x14 ./FreeRTOS_Stack/heap_1.o
                0x00000dce                xPortGetFreeHeapSize
 .text.pvPortMalloc
                0x00000de2       0x4e ./FreeRTOS_Stack/heap_1.o
                0x00000de2                pvPortMalloc
 .text.vListInitialise
                0x00000e30       0x20 ./FreeRTOS_Stack/list.o
                0x00000e30                vListInitialise
 .text.vListInitialiseItem
                0x00000e50        0x8 ./FreeRTOS_Stack/list.o
                0x00000e50                vListInitialiseItem
 .text.vListInsertEnd
                0x00000e58       0x52 ./FreeRTOS_Stack/list.o
                0x00000e58                vListInsertEnd
 .text.vListInsert
                0x00000eaa       0x6a ./FreeRTOS_Stack/list.o
                0x00000eaa                vListInsert
 .text.vListRemove
                0x00000f14       0x50 ./FreeRTOS_Stack/list.o
                0x00000f14                vListRemove
 .text.pxPortInitialiseStack
                0x00000f64       0x90 ./FreeRTOS_Stack/port.o
                0x00000f64                pxPortInitialiseStack
 .text.xPortStartScheduler
                0x00000ff4       0x6a ./FreeRTOS_Stack/port.o
                0x00000ff4                xPortStartScheduler
 .text.vPortEndScheduler
                0x0000105e        0x2 ./FreeRTOS_Stack/port.o
                0x0000105e                vPortEndScheduler
 .text.vPortYieldFromTick
                0x00001060       0xb6 ./FreeRTOS_Stack/port.o
                0x00001060                vPortYieldFromTick
 .text.__vector_7
                0x00001116        0x6 ./FreeRTOS_Stack/port.o
                0x00001116                __vector_7
 .text.vPortYield
                0x0000111c       0xb2 ./FreeRTOS_Stack/port.o
                0x0000111c                vPortYield
 .text.uxQueueMessagesWaiting
                0x000011ce       0x10 ./FreeRTOS_Stack/queue.o
                0x000011ce                uxQueueMessagesWaiting
 .text.uxQueueMessagesWaitingFromISR
                0x000011de        0x6 ./FreeRTOS_Stack/queue.o
                0x000011de                uxQueueMessagesWaitingFromISR
 .text.xQueueIsQueueEmptyFromISR
                0x000011e4       0x10 ./FreeRTOS_Stack/queue.o
                0x000011e4                xQueueIsQueueEmptyFromISR
 .text.xQueueIsQueueFullFromISR
                0x000011f4       0x12 ./FreeRTOS_Stack/queue.o
                0x000011f4                xQueueIsQueueFullFromISR
 .text.vQueueDelete
                0x00001206       0x1c ./FreeRTOS_Stack/queue.o
                0x00001206                vQueueDelete
 .text.xQueueReceiveFromISR
                0x00001222       0x7e ./FreeRTOS_Stack/queue.o
                0x00001222                xQueueReceiveFromISR
 .text.prvCopyDataToQueue
                0x000012a0       0x82 ./FreeRTOS_Stack/queue.o
 .text.xQueueGenericSendFromISR
                0x00001322       0x50 ./FreeRTOS_Stack/queue.o
                0x00001322                xQueueGenericSendFromISR
 .text.prvUnlockQueue
                0x00001372       0x80 ./FreeRTOS_Stack/queue.o
 .text.xQueueGenericReceive
                0x000013f2      0x198 ./FreeRTOS_Stack/queue.o
                0x000013f2                xQueueGenericReceive
 .text.xQueueGenericSend
                0x0000158a      0x148 ./FreeRTOS_Stack/queue.o
                0x0000158a                xQueueGenericSend
 .text.xQueueCreate
                0x000016d2       0xbe ./FreeRTOS_Stack/queue.o
                0x000016d2                xQueueCreate
 .text.vTaskSuspendAll
                0x00001790        0xc ./FreeRTOS_Stack/tasks.o
                0x00001790                vTaskSuspendAll
 .text.xTaskGetTickCount
                0x0000179c       0x16 ./FreeRTOS_Stack/tasks.o
                0x0000179c                xTaskGetTickCount
 .text.xTaskGetTickCountFromISR
                0x000017b2        0xc ./FreeRTOS_Stack/tasks.o
                0x000017b2                xTaskGetTickCountFromISR
 .text.uxTaskGetNumberOfTasks
                0x000017be        0x6 ./FreeRTOS_Stack/tasks.o
                0x000017be                uxTaskGetNumberOfTasks
 .text.vTaskSwitchContext
                0x000017c4       0x84 ./FreeRTOS_Stack/tasks.o
                0x000017c4                vTaskSwitchContext
 .text.vTaskSetTimeOutState
                0x00001848       0x16 ./FreeRTOS_Stack/tasks.o
                0x00001848                vTaskSetTimeOutState
 .text.xTaskCheckForTimeOut
                0x0000185e       0x74 ./FreeRTOS_Stack/tasks.o
                0x0000185e                xTaskCheckForTimeOut
 .text.vTaskMissedYield
                0x000018d2        0x8 ./FreeRTOS_Stack/tasks.o
                0x000018d2                vTaskMissedYield
 .text.xTaskRemoveFromEventList
                0x000018da       0x7e ./FreeRTOS_Stack/tasks.o
                0x000018da                xTaskRemoveFromEventList
 .text.vTaskIncrementTick
                0x00001958      0x148 ./FreeRTOS_Stack/tasks.o
                0x00001958                vTaskIncrementTick
 .text.prvAddCurrentTaskToDelayedList
                0x00001aa0       0x6e ./FreeRTOS_Stack/tasks.o
 .text.vTaskPlaceOnEventList
                0x00001b0e       0x3a ./FreeRTOS_Stack/tasks.o
                0x00001b0e                vTaskPlaceOnEventList
 .text.xTaskResumeAll
                0x00001b48       0xf6 ./FreeRTOS_Stack/tasks.o
                0x00001b48                xTaskResumeAll
 .text.vTaskDelay
                0x00001c3e       0x4e ./FreeRTOS_Stack/tasks.o
                0x00001c3e                vTaskDelay
 .text.vTaskDelayUntil
                0x00001c8c       0x78 ./FreeRTOS_Stack/tasks.o
                0x00001c8c                vTaskDelayUntil
 .text.vTaskDelete
                0x00001d04       0x9a ./FreeRTOS_Stack/tasks.o
                0x00001d04                vTaskDelete
 .text.vTaskEndScheduler
                0x00001d9e        0xc ./FreeRTOS_Stack/tasks.o
                0x00001d9e                vTaskEndScheduler
 .text.prvIdleTask
                0x00001daa       0x66 ./FreeRTOS_Stack/tasks.o
 .text.xTaskGenericCreate
                0x00001e10      0x1fe ./FreeRTOS_Stack/tasks.o
                0x00001e10                xTaskGenericCreate
 .text.vTaskStartScheduler
                0x0000200e       0x56 ./FreeRTOS_Stack/tasks.o
                0x0000200e                vTaskStartScheduler
 .text.main     0x00002064       0xa0 ./main.o
                0x00002064                main
 .text.ADC_TASK
                0x00002104       0xc6 ./main.o
                0x00002104                ADC_TASK
 .text.KEYPAD_TASK
                0x000021ca       0xaa ./main.o
                0x000021ca                KEYPAD_TASK
 .text.INIT     0x00002274       0x68 ./main.o
                0x00002274                INIT
 .text.libgcc   0x000022dc       0x28 c:/users/ismail/downloads/amit/sdk_win_64/sdk_win_64/winavr/bin/../lib/gcc/avr/4.3.3/avr5\libgcc.a(_udivmodhi4.o)
                0x000022dc                __udivmodhi4
 .text.libgcc   0x00002304       0x44 c:/users/ismail/downloads/amit/sdk_win_64/sdk_win_64/winavr/bin/../lib/gcc/avr/4.3.3/avr5\libgcc.a(_udivmodsi4.o)
                0x00002304                __udivmodsi4
 .text.libgcc   0x00002348        0x0 c:/users/ismail/downloads/amit/sdk_win_64/sdk_win_64/winavr/bin/../lib/gcc/avr/4.3.3/avr5\libgcc.a(_exit.o)
 .text.libgcc   0x00002348        0x0 c:/users/ismail/downloads/amit/sdk_win_64/sdk_win_64/winavr/bin/../lib/gcc/avr/4.3.3/avr5\libgcc.a(_copy_data.o)
 .text.libgcc   0x00002348        0x0 c:/users/ismail/downloads/amit/sdk_win_64/sdk_win_64/winavr/bin/../lib/gcc/avr/4.3.3/avr5\libgcc.a(_clear_bss.o)
 .text.avr-libc
                0x00002348       0x12 c:/users/ismail/downloads/amit/sdk_win_64/sdk_win_64/winavr/bin/../lib/gcc/avr/4.3.3/../../../../avr/lib/avr5\libc.a(memcpy.o)
                0x00002348                memcpy
 .text.avr-libc
                0x0000235a        0xe c:/users/ismail/downloads/amit/sdk_win_64/sdk_win_64/winavr/bin/../lib/gcc/avr/4.3.3/../../../../avr/lib/avr5\libc.a(memset.o)
                0x0000235a                memset
 .text.avr-libc
                0x00002368       0x1e c:/users/ismail/downloads/amit/sdk_win_64/sdk_win_64/winavr/bin/../lib/gcc/avr/4.3.3/../../../../avr/lib/avr5\libc.a(strncpy.o)
                0x00002368                strncpy
                0x00002386                . = ALIGN (0x2)
 *(.fini9)
 .fini9         0x00002386        0x0 c:/users/ismail/downloads/amit/sdk_win_64/sdk_win_64/winavr/bin/../lib/gcc/avr/4.3.3/avr5\libgcc.a(_exit.o)
                0x00002386                exit
                0x00002386                _exit
 *(.fini9)
 *(.fini8)
 *(.fini8)
 *(.fini7)
 *(.fini7)
 *(.fini6)
 *(.fini6)
 *(.fini5)
 *(.fini5)
 *(.fini4)
 *(.fini4)
 *(.fini3)
 *(.fini3)
 *(.fini2)
 *(.fini2)
 *(.fini1)
 *(.fini1)
 *(.fini0)
 .fini0         0x00002386        0x4 c:/users/ismail/downloads/amit/sdk_win_64/sdk_win_64/winavr/bin/../lib/gcc/avr/4.3.3/avr5\libgcc.a(_exit.o)
 *(.fini0)
                0x0000238a                _etext = .

.data           0x00800060       0x50 load address 0x0000238a
                0x00800060                PROVIDE (__data_start, .)
 *(.data)
 .data          0x00800060        0x0 c:/users/ismail/downloads/amit/sdk_win_64/sdk_win_64/winavr/bin/../lib/gcc/avr/4.3.3/../../../../avr/lib/avr5/crtm32.o
 .data          0x00800060        0x0 ./MCAL/MUSART/MUSART_Program.o
 .data          0x00800060        0x0 ./MCAL/MTIMER/MTIMER_Program.o
 .data          0x00800060        0x0 ./MCAL/MGIE/MGIE_Program.o
 .data          0x00800060        0x0 ./MCAL/MEXTI/MEXTI_Program.o
 .data          0x00800060        0x0 ./MCAL/MDIO/MDIO_Program.o
 .data          0x00800060        0x0 ./MCAL/MADC/MADC_Program.o
 .data          0x00800060        0x0 ./HAL/HKPD/HKPD_Program.o
 .data          0x00800060        0x0 ./HAL/HCLCD/HCLCD_Program.o
 .data          0x00800060        0x0 ./FreeRTOS_Stack/croutine.o
 .data          0x00800060        0x0 ./FreeRTOS_Stack/heap_1.o
 .data          0x00800060        0x0 ./FreeRTOS_Stack/list.o
 .data          0x00800060        0x0 ./FreeRTOS_Stack/port.o
 .data          0x00800060        0x0 ./FreeRTOS_Stack/queue.o
 .data          0x00800060        0x5 ./FreeRTOS_Stack/tasks.o
 .data          0x00800065        0x0 ./FreeRTOS_Stack/timers.o
 .data          0x00800065       0x2c ./main.o
 .data          0x00800091        0x0 c:/users/ismail/downloads/amit/sdk_win_64/sdk_win_64/winavr/bin/../lib/gcc/avr/4.3.3/avr5\libgcc.a(_udivmodhi4.o)
 .data          0x00800091        0x0 c:/users/ismail/downloads/amit/sdk_win_64/sdk_win_64/winavr/bin/../lib/gcc/avr/4.3.3/avr5\libgcc.a(_udivmodsi4.o)
 .data          0x00800091        0x0 c:/users/ismail/downloads/amit/sdk_win_64/sdk_win_64/winavr/bin/../lib/gcc/avr/4.3.3/avr5\libgcc.a(_exit.o)
 .data          0x00800091        0x0 c:/users/ismail/downloads/amit/sdk_win_64/sdk_win_64/winavr/bin/../lib/gcc/avr/4.3.3/avr5\libgcc.a(_copy_data.o)
 .data          0x00800091        0x0 c:/users/ismail/downloads/amit/sdk_win_64/sdk_win_64/winavr/bin/../lib/gcc/avr/4.3.3/avr5\libgcc.a(_clear_bss.o)
 .data          0x00800091        0x0 c:/users/ismail/downloads/amit/sdk_win_64/sdk_win_64/winavr/bin/../lib/gcc/avr/4.3.3/../../../../avr/lib/avr5\libc.a(memcpy.o)
 .data          0x00800091        0x0 c:/users/ismail/downloads/amit/sdk_win_64/sdk_win_64/winavr/bin/../lib/gcc/avr/4.3.3/../../../../avr/lib/avr5\libc.a(memset.o)
 .data          0x00800091        0x0 c:/users/ismail/downloads/amit/sdk_win_64/sdk_win_64/winavr/bin/../lib/gcc/avr/4.3.3/../../../../avr/lib/avr5\libc.a(strncpy.o)
 *(.data*)
 .data.HKPD_SwitchValues
                0x00800091       0x10 ./HAL/HKPD/HKPD_Program.o
                0x00800091                HKPD_SwitchValues
 .data.xNextTaskUnblockTime
                0x008000a1        0x2 ./FreeRTOS_Stack/tasks.o
 .data.data     0x008000a3        0xc ./main.o
                0x008000a3                data
 .data.keypressed
                0x008000af        0x1 ./main.o
                0x008000af                keypressed
 *(.rodata)
 *(.rodata*)
 *(.gnu.linkonce.d*)
                0x008000b0                . = ALIGN (0x2)
                0x008000b0                _edata = .
                0x008000b0                PROVIDE (__data_end, .)

.bss            0x008000b0      0x4c1
                0x008000b0                PROVIDE (__bss_start, .)
 *(.bss)
 .bss           0x008000b0        0x0 c:/users/ismail/downloads/amit/sdk_win_64/sdk_win_64/winavr/bin/../lib/gcc/avr/4.3.3/../../../../avr/lib/avr5/crtm32.o
 .bss           0x008000b0        0x0 ./MCAL/MUSART/MUSART_Program.o
 .bss           0x008000b0        0x0 ./MCAL/MTIMER/MTIMER_Program.o
 .bss           0x008000b0        0x0 ./MCAL/MGIE/MGIE_Program.o
 .bss           0x008000b0        0x0 ./MCAL/MEXTI/MEXTI_Program.o
 .bss           0x008000b0        0x0 ./MCAL/MDIO/MDIO_Program.o
 .bss           0x008000b0        0x0 ./MCAL/MADC/MADC_Program.o
 .bss           0x008000b0        0x0 ./HAL/HKPD/HKPD_Program.o
 .bss           0x008000b0        0x0 ./HAL/HCLCD/HCLCD_Program.o
 .bss           0x008000b0        0x0 ./FreeRTOS_Stack/croutine.o
 .bss           0x008000b0        0x0 ./FreeRTOS_Stack/heap_1.o
 .bss           0x008000b0        0x0 ./FreeRTOS_Stack/list.o
 .bss           0x008000b0        0x0 ./FreeRTOS_Stack/port.o
 .bss           0x008000b0        0x0 ./FreeRTOS_Stack/queue.o
 .bss           0x008000b0        0x0 ./FreeRTOS_Stack/tasks.o
 .bss           0x008000b0        0x0 ./FreeRTOS_Stack/timers.o
 .bss           0x008000b0        0x0 ./main.o
 .bss           0x008000b0        0x0 c:/users/ismail/downloads/amit/sdk_win_64/sdk_win_64/winavr/bin/../lib/gcc/avr/4.3.3/avr5\libgcc.a(_udivmodhi4.o)
 .bss           0x008000b0        0x0 c:/users/ismail/downloads/amit/sdk_win_64/sdk_win_64/winavr/bin/../lib/gcc/avr/4.3.3/avr5\libgcc.a(_udivmodsi4.o)
 .bss           0x008000b0        0x0 c:/users/ismail/downloads/amit/sdk_win_64/sdk_win_64/winavr/bin/../lib/gcc/avr/4.3.3/avr5\libgcc.a(_exit.o)
 .bss           0x008000b0        0x0 c:/users/ismail/downloads/amit/sdk_win_64/sdk_win_64/winavr/bin/../lib/gcc/avr/4.3.3/avr5\libgcc.a(_copy_data.o)
 .bss           0x008000b0        0x0 c:/users/ismail/downloads/amit/sdk_win_64/sdk_win_64/winavr/bin/../lib/gcc/avr/4.3.3/avr5\libgcc.a(_clear_bss.o)
 .bss           0x008000b0        0x0 c:/users/ismail/downloads/amit/sdk_win_64/sdk_win_64/winavr/bin/../lib/gcc/avr/4.3.3/../../../../avr/lib/avr5\libc.a(memcpy.o)
 .bss           0x008000b0        0x0 c:/users/ismail/downloads/amit/sdk_win_64/sdk_win_64/winavr/bin/../lib/gcc/avr/4.3.3/../../../../avr/lib/avr5\libc.a(memset.o)
 .bss           0x008000b0        0x0 c:/users/ismail/downloads/amit/sdk_win_64/sdk_win_64/winavr/bin/../lib/gcc/avr/4.3.3/../../../../avr/lib/avr5\libc.a(strncpy.o)
 *(.bss*)
 .bss.Glob_OverflowISR_Ptr
                0x008000b0        0x2 ./MCAL/MTIMER/MTIMER_Program.o
                0x008000b0                Glob_OverflowISR_Ptr
 .bss.Glob_CTC_ISR_Ptr
                0x008000b2        0x2 ./MCAL/MTIMER/MTIMER_Program.o
                0x008000b2                Glob_CTC_ISR_Ptr
 .bss.pxCurrentCoRoutine
                0x008000b4        0x2 ./FreeRTOS_Stack/croutine.o
                0x008000b4                pxCurrentCoRoutine
 .bss.uxTopCoRoutineReadyPriority
                0x008000b6        0x1 ./FreeRTOS_Stack/croutine.o
 .bss.xLastTickCount
                0x008000b7        0x2 ./FreeRTOS_Stack/croutine.o
 .bss.xPassedTicks
                0x008000b9        0x2 ./FreeRTOS_Stack/croutine.o
 .bss.xCoRoutineTickCount
                0x008000bb        0x2 ./FreeRTOS_Stack/croutine.o
 .bss.pxReadyCoRoutineLists
                0x008000bd       0x12 ./FreeRTOS_Stack/croutine.o
 .bss.xDelayedCoRoutineList1
                0x008000cf        0x9 ./FreeRTOS_Stack/croutine.o
 .bss.xDelayedCoRoutineList2
                0x008000d8        0x9 ./FreeRTOS_Stack/croutine.o
 .bss.pxDelayedCoRoutineList
                0x008000e1        0x2 ./FreeRTOS_Stack/croutine.o
 .bss.pxOverflowDelayedCoRoutineList
                0x008000e3        0x2 ./FreeRTOS_Stack/croutine.o
 .bss.xPendingReadyCoRoutineList
                0x008000e5        0x9 ./FreeRTOS_Stack/croutine.o
 .bss.xNextFreeByte
                0x008000ee        0x2 ./FreeRTOS_Stack/heap_1.o
 .bss.xHeap     0x008000f0      0x3e8 ./FreeRTOS_Stack/heap_1.o
 .bss.pxCurrentTCB
                0x008004d8        0x2 ./FreeRTOS_Stack/tasks.o
                0x008004d8                pxCurrentTCB
 .bss.xMissedYield
                0x008004da        0x1 ./FreeRTOS_Stack/tasks.o
 .bss.xNumOfOverflows
                0x008004db        0x1 ./FreeRTOS_Stack/tasks.o
 .bss.xTickCount
                0x008004dc        0x2 ./FreeRTOS_Stack/tasks.o
 .bss.uxSchedulerSuspended
                0x008004de        0x1 ./FreeRTOS_Stack/tasks.o
 .bss.uxTopReadyPriority
                0x008004df        0x1 ./FreeRTOS_Stack/tasks.o
 .bss.uxMissedTicks
                0x008004e0        0x1 ./FreeRTOS_Stack/tasks.o
 .bss.uxCurrentNumberOfTasks
                0x008004e1        0x1 ./FreeRTOS_Stack/tasks.o
 .bss.xSchedulerRunning
                0x008004e2        0x1 ./FreeRTOS_Stack/tasks.o
 .bss.uxTasksDeleted
                0x008004e3        0x1 ./FreeRTOS_Stack/tasks.o
 .bss.uxTaskNumber
                0x008004e4        0x1 ./FreeRTOS_Stack/tasks.o
 .bss.uxTopUsedPriority
                0x008004e5        0x1 ./FreeRTOS_Stack/tasks.o
 .bss.pxReadyTasksLists
                0x008004e6       0x5a ./FreeRTOS_Stack/tasks.o
 .bss.xDelayedTaskList1
                0x00800540        0x9 ./FreeRTOS_Stack/tasks.o
 .bss.xDelayedTaskList2
                0x00800549        0x9 ./FreeRTOS_Stack/tasks.o
 .bss.pxDelayedTaskList
                0x00800552        0x2 ./FreeRTOS_Stack/tasks.o
 .bss.pxOverflowDelayedTaskList
                0x00800554        0x2 ./FreeRTOS_Stack/tasks.o
 .bss.xPendingReadyList
                0x00800556        0x9 ./FreeRTOS_Stack/tasks.o
 .bss.xTasksWaitingTermination
                0x0080055f        0x9 ./FreeRTOS_Stack/tasks.o
 .bss.flag      0x00800568        0x1 ./main.o
                0x00800568                flag
 .bss.temp      0x00800569        0x4 ./main.o
                0x00800569                temp
 .bss.Reading   0x0080056d        0x2 ./main.o
                0x0080056d                Reading
 *(COMMON)
 COMMON         0x0080056f        0x2 ./main.o
                0x0080056f                LCD_Semphor
                0x00800571                PROVIDE (__bss_end, .)
                0x0000238a                __data_load_start = LOADADDR (.data)
                0x000023da                __data_load_end = (__data_load_start + SIZEOF (.data))

.noinit         0x00800571        0x0
                0x00800571                PROVIDE (__noinit_start, .)
 *(.noinit*)
                0x00800571                PROVIDE (__noinit_end, .)
                0x00800571                _end = .
                0x00800571                PROVIDE (__heap_start, .)

.eeprom         0x00810000        0x0
 *(.eeprom*)
                0x00810000                __eeprom_end = .

.fuse
 *(.fuse)
 *(.lfuse)
 *(.hfuse)
 *(.efuse)

.lock
 *(.lock*)

.signature
 *(.signature*)

.stab
 *(.stab)

.stabstr
 *(.stabstr)

.stab.excl
 *(.stab.excl)

.stab.exclstr
 *(.stab.exclstr)

.stab.index
 *(.stab.index)

.stab.indexstr
 *(.stab.indexstr)

.comment
 *(.comment)

.debug
 *(.debug)

.line
 *(.line)

.debug_srcinfo
 *(.debug_srcinfo)

.debug_sfnames
 *(.debug_sfnames)

.debug_aranges
 *(.debug_aranges)

.debug_pubnames
 *(.debug_pubnames)

.debug_info
 *(.debug_info)
 *(.gnu.linkonce.wi.*)

.debug_abbrev
 *(.debug_abbrev)

.debug_line
 *(.debug_line)

.debug_frame
 *(.debug_frame)

.debug_str
 *(.debug_str)

.debug_loc
 *(.debug_loc)

.debug_macinfo
 *(.debug_macinfo)
OUTPUT(FreeRTOS.elf elf32-avr)
LOAD linker stubs
